Archive member included to satisfy reference by file (symbol)

c:/devkitPro/libctru/lib\libctru.a(console.o)
                              main.o (consoleInit)
c:/devkitPro/libctru/lib\libctru.a(gfx.o)
                              c:/devkitPro/libctru/lib\libctru.a(console.o) (gfxSetScreenFormat)
c:/devkitPro/libctru/lib\libctru.a(gx.o)
                              c:/devkitPro/libctru/lib\libctru.a(gfx.o) (gxCmdBuf)
c:/devkitPro/libctru/lib\libctru.a(apt.o)
                              main.o (APT_HardwareResetAsync)
c:/devkitPro/libctru/lib\libctru.a(fs.o)
                              main.o (fsInit)
c:/devkitPro/libctru/lib\libctru.a(gspgpu.o)
                              c:/devkitPro/libctru/lib\libctru.a(gfx.o) (gspInit)
c:/devkitPro/libctru/lib\libctru.a(hid.o)
                              main.o (hidScanInput)
c:/devkitPro/libctru/lib\libctru.a(irrst.o)
                              c:/devkitPro/libctru/lib\libctru.a(hid.o) (irrstScanInput)
c:/devkitPro/libctru/lib\libctru.a(initArgv.o)
                              c:/devkitpro/devkitarm/bin/../lib/gcc/arm-none-eabi/6.3.0/../../../../arm-none-eabi/lib/armv6k/fpu/3dsx_crt0.o (__system_argc)
c:/devkitPro/libctru/lib\libctru.a(initSystem.o)
                              c:/devkitPro/libctru/lib\libctru.a(apt.o) (__system_retAddr)
c:/devkitPro/libctru/lib\libctru.a(syscalls.o)
                              c:/devkitPro/libctru/lib\libctru.a(initSystem.o) (__system_initSyscalls)
c:/devkitPro/libctru/lib\libctru.a(svc.o)
                              c:/devkitPro/libctru/lib\libctru.a(apt.o) (svcExitProcess)
c:/devkitPro/libctru/lib\libctru.a(stack_adjust.o)
                              c:/devkitpro/devkitarm/bin/../lib/gcc/arm-none-eabi/6.3.0/../../../../arm-none-eabi/lib/armv6k/fpu/3dsx_crt0.o (initSystem)
c:/devkitPro/libctru/lib\libctru.a(default_font.bin.o)
                              c:/devkitPro/libctru/lib\libctru.a(console.o) (default_font_bin)
c:/devkitPro/libctru/lib\libctru.a(linear.o)
                              c:/devkitPro/libctru/lib\libctru.a(gfx.o) (linearAlloc)
c:/devkitPro/libctru/lib\libctru.a(mappable.o)
                              c:/devkitPro/libctru/lib\libctru.a(gfx.o) (mappableAlloc)
c:/devkitPro/libctru/lib\libctru.a(mem_pool.o)
                              c:/devkitPro/libctru/lib\libctru.a(linear.o) (MemPool::Allocate(MemChunk&, unsigned long, int))
c:/devkitPro/libctru/lib\libctru.a(vram.o)
                              c:/devkitPro/libctru/lib\libctru.a(gfx.o) (vramAlloc)
c:/devkitPro/libctru/lib\libctru.a(env.o)
                              c:/devkitPro/libctru/lib\libctru.a(fs.o) (envGetHandle)
c:/devkitPro/libctru/lib\libctru.a(os.o)
                              c:/devkitPro/libctru/lib\libctru.a(syscalls.o) (__libctru_gtod)
c:/devkitPro/libctru/lib\libctru.a(srv.o)
                              c:/devkitPro/libctru/lib\libctru.a(apt.o) (srvInit)
c:/devkitPro/libctru/lib\libctru.a(synchronization.o)
                              c:/devkitPro/libctru/lib\libctru.a(initSystem.o) (__sync_init)
c:/devkitPro/libctru/lib\libctru.a(thread.o)
                              c:/devkitPro/libctru/lib\libctru.a(apt.o) (threadCreate)
c:/devkitPro/libctru/lib\libctru.a(ptmsysm.o)
                              c:/devkitPro/libctru/lib\libctru.a(os.o) (ptmSysmInit)
c:/devkitPro/libctru/lib\libctru.a(rbtree_find.o)
                              c:/devkitPro/libctru/lib\libctru.a(linear.o) (rbtree_find)
c:/devkitPro/libctru/lib\libctru.a(rbtree_init.o)
                              c:/devkitPro/libctru/lib\libctru.a(linear.o) (rbtree_init)
c:/devkitPro/libctru/lib\libctru.a(rbtree_insert.o)
                              c:/devkitPro/libctru/lib\libctru.a(linear.o) (rbtree_insert)
c:/devkitPro/libctru/lib\libctru.a(rbtree_remove.o)
                              c:/devkitPro/libctru/lib\libctru.a(linear.o) (rbtree_remove)
c:/devkitPro/libctru/lib\libctru.a(rbtree_rotate.o)
                              c:/devkitPro/libctru/lib\libctru.a(rbtree_insert.o) (rbtree_rotate)
c:/devkitPro/libctru/lib\libctru.a(allocateHeaps.o)
                              c:/devkitPro/libctru/lib\libctru.a(initSystem.o) (__system_allocateHeaps)
c:/devkitPro/libctru/lib\libctru.a(appExit.o)
                              c:/devkitPro/libctru/lib\libctru.a(stack_adjust.o) (__appExit)
c:/devkitPro/libctru/lib\libctru.a(appInit.o)
                              c:/devkitPro/libctru/lib\libctru.a(stack_adjust.o) (__appInit)
c:/devkitPro/libctru/lib\libctru.a(ctru_exit.o)
                              c:/devkitPro/libctru/lib\libctru.a(stack_adjust.o) (__libctru_exit)
c:/devkitPro/libctru/lib\libctru.a(sdmc_dev.o)
                              c:/devkitPro/libctru/lib\libctru.a(appInit.o) (sdmcInit)
c:/devkitPro/libctru/lib\libctru.a(rbtree_iterator.o)
                              c:/devkitPro/libctru/lib\libctru.a(rbtree_remove.o) (rbtree_node_next)
c:/devkitPro/libctru/lib\libctru.a(decode_utf8.o)
[...]
Memory Configuration

Name             Origin             Length             Attributes
*default*        0x00000000         0xffffffff

Linker script and memory map

                0x00100000                PROVIDE (__start__, 0x100000)
                0x00100000                . = __start__

.text           0x00100000    0x1fb7c
 *(.crt0)
 .crt0          0x00100000       0x94 c:/devkitpro/devkitarm/bin/../lib/gcc/arm-none-eabi/6.3.0/../../../../arm-none-eabi/lib/armv6k/fpu/3dsx_crt0.o
                0x00100000                _start
                0x00100008                __service_ptr
                0x0010000c                __apt_appid
                0x00100010                __heap_size
                0x00100014                __linear_heap_size
                0x00100018                __system_arglist
                0x0010001c                __system_runflags
 *(.init)
 .init          0x00100094        0xc c:/devkitpro/devkitarm/bin/../lib/gcc/arm-none-eabi/6.3.0/armv6k/fpu/crti.o
                0x00100094                _init
 .init          0x001000a0        0xc c:/devkitpro/devkitarm/bin/../lib/gcc/arm-none-eabi/6.3.0/armv6k/fpu/crtn.o
                0x001000ac                . = ALIGN (0x4)
 *(.text)
 .text          0x001000ac       0x64 c:/devkitPro/libctru/lib\libctru.a(stack_adjust.o)
                0x001000ac                initSystem
                0x001000f0                __ctru_exit
 .text          0x00100110      0x240 c:/devkitpro/devkitarm/bin/../lib/gcc/arm-none-eabi/6.3.0/armv6k/fpu\libgcc.a(_divsi3.o)
                0x00100110                __divsi3
                0x00100110                __aeabi_idiv
                0x00100330                __aeabi_idivmod
 .text          0x00100350        0x4 c:/devkitpro/devkitarm/bin/../lib/gcc/arm-none-eabi/6.3.0/armv6k/fpu\libgcc.a(_dvmd_tls.o)
                0x00100350                __aeabi_idiv0
                0x00100350                __aeabi_ldiv0
 .text          0x00100354       0x3c c:/devkitpro/devkitarm/bin/../lib/gcc/arm-none-eabi/6.3.0/armv6k/fpu\libgcc.a(_aeabi_uldivmod.o)
                0x00100354                __aeabi_uldivmod
 *fill*         0x00100390       0x10 
 .text          0x001003a0      0x390 c:/devkitpro/devkitarm/bin/../lib/gcc/arm-none-eabi/6.3.0/../../../../arm-none-eabi/lib/armv6k/fpu\libg.a(lib_a-strcmp.o)
                0x001003a8                strcmp
 .text          0x00100730      0x20c c:/devkitpro/devkitarm/bin/../lib/gcc/arm-none-eabi/6.3.0/armv6k/fpu\libgcc.a(_udivsi3.o)
                0x00100730                __aeabi_uidiv
                0x00100730                __udivsi3
                0x0010091c                __aeabi_uidivmod
 *(.text.*)
 .text.deregister_tm_clones
                0x0010093c       0x30 c:/devkitpro/devkitarm/bin/../lib/gcc/arm-none-eabi/6.3.0/armv6k/fpu/crtbegin.o
 .text.register_tm_clones
                0x0010096c       0x38 c:/devkitpro/devkitarm/bin/../lib/gcc/arm-none-eabi/6.3.0/armv6k/fpu/crtbegin.o
 .text.__do_global_dtors_aux
                0x001009a4       0x44 c:/devkitpro/devkitarm/bin/../lib/gcc/arm-none-eabi/6.3.0/armv6k/fpu/crtbegin.o
 .text.frame_dummy
                0x001009e8       0x5c c:/devkitpro/devkitarm/bin/../lib/gcc/arm-none-eabi/6.3.0/armv6k/fpu/crtbegin.o
 *fill*         0x00100a44        0x4 
 .text.startup  0x00100a48      0x350 main.o
                0x00100a48                main
 .text.consoleDrawChar
                0x00100d98      0x1b0 c:/devkitPro/libctru/lib\libctru.a(console.o)
                0x00100d98                consoleDrawChar
 .text.consolePrintChar
                0x00100f48      0x124 c:/devkitPro/libctru/lib\libctru.a(console.o)
                0x00100f48                consolePrintChar
 .text.consoleCls
                0x0010106c      0x190 c:/devkitPro/libctru/lib\libctru.a(console.o)
 .text.consoleInit
                0x001011fc      0x104 c:/devkitPro/libctru/lib\libctru.a(console.o)
                0x001011fc                consoleInit
 .text.consoleClearLine
                0x00101300      0x144 c:/devkitPro/libctru/lib\libctru.a(console.o)
 .text.newRow   0x00101444       0xbc c:/devkitPro/libctru/lib\libctru.a(console.o)
 .text.con_write
                0x00101500      0x774 c:/devkitPro/libctru/lib\libctru.a(console.o)
                0x00101500                con_write
 .text.gfxSetFramebufferInfo.part.0
                0x00101c74       0x8c c:/devkitPro/libctru/lib\libctru.a(gfx.o)
 .text.__get_bytes_per_pixel
                0x00101d00       0x18 c:/devkitPro/libctru/lib\libctru.a(gfx.o)
                0x00101d00                __get_bytes_per_pixel
 .text.gfxSetScreenFormat
                0x00101d18      0x180 c:/devkitPro/libctru/lib\libctru.a(gfx.o)
                0x00101d18                gfxSetScreenFormat
 .text.gfxSetDoubleBuffering
                0x00101e98       0x10 c:/devkitPro/libctru/lib\libctru.a(gfx.o)
                0x00101e98                gfxSetDoubleBuffering
 .text.gfxSetFramebufferInfo
                0x00101ea8       0x70 c:/devkitPro/libctru/lib\libctru.a(gfx.o)
                0x00101ea8                gfxSetFramebufferInfo
 .text.gfxWriteFramebufferInfo
                0x00101f18       0xb0 c:/devkitPro/libctru/lib\libctru.a(gfx.o)
                0x00101f18                gfxWriteFramebufferInfo
 .text.gfxInit  0x00101fc8      0x20c c:/devkitPro/libctru/lib\libctru.a(gfx.o)
                0x00101fc8                gfxInit
 .text.gfxInitDefault
                0x001021d4       0x10 c:/devkitPro/libctru/lib\libctru.a(gfx.o)
                0x001021d4                gfxInitDefault
 .text.gfxExit  0x001021e4       0xe0 c:/devkitPro/libctru/lib\libctru.a(gfx.o)
                0x001021e4                gfxExit
 .text.gfxGetFramebuffer
                0x001022c4       0xbc c:/devkitPro/libctru/lib\libctru.a(gfx.o)
                0x001022c4                gfxGetFramebuffer
 .text.gfxFlushBuffers
                0x00102380       0xe0 c:/devkitPro/libctru/lib\libctru.a(gfx.o)
                0x00102380                gfxFlushBuffers
 .text.gfxConfigScreen
                0x00102460       0x60 c:/devkitPro/libctru/lib\libctru.a(gfx.o)
                0x00102460                gfxConfigScreen
 .text.gfxSwapBuffers
                0x001024c0       0x20 c:/devkitPro/libctru/lib\libctru.a(gfx.o)
                0x001024c0                gfxSwapBuffers
 .text.gfxSwapBuffersGpu
                0x001024e0       0x20 c:/devkitPro/libctru/lib\libctru.a(gfx.o)
                0x001024e0                gfxSwapBuffersGpu
 .text._aptDebug
                0x00102500        0x4 c:/devkitPro/libctru/lib\libctru.a(apt.o)
                0x00102500                _aptDebug
 .text.aptSendCommand
                0x00102504      0x138 c:/devkitPro/libctru/lib\libctru.a(apt.o)
                0x00102504                aptSendCommand
 .text.aptExitProcess
                0x0010263c       0x3c c:/devkitPro/libctru/lib\libctru.a(apt.o)
 .text.APT_HardwareResetAsync
                0x00102678       0x20 c:/devkitPro/libctru/lib\libctru.a(apt.o)
                0x00102678                APT_HardwareResetAsync
 .text.APT_InquireNotification
                0x00102698       0x4c c:/devkitPro/libctru/lib\libctru.a(apt.o)
                0x00102698                APT_InquireNotification
 .text.aptEventHandler
                0x001026e4      0x19c c:/devkitPro/libctru/lib\libctru.a(apt.o)
 .text.APT_AppletUtility
                0x00102880       0x74 c:/devkitPro/libctru/lib\libctru.a(apt.o)
                0x00102880                APT_AppletUtility
 .text.aptSetSleepAllowed
                0x001028f4       0xb4 c:/devkitPro/libctru/lib\libctru.a(apt.o)
                0x001028f4                aptSetSleepAllowed
 .text.APT_GlanceParameter
                0x001029a8       0xb4 c:/devkitPro/libctru/lib\libctru.a(apt.o)
                0x001029a8                APT_GlanceParameter
 .text.APT_ReceiveParameter
                0x00102a5c       0xc0 c:/devkitPro/libctru/lib\libctru.a(apt.o)
                0x00102a5c                APT_ReceiveParameter
 .text.aptReceiveParameter.constprop.0
                0x00102b1c       0xbc c:/devkitPro/libctru/lib\libctru.a(apt.o)
 .text.aptScreenTransfer
                0x00102bd8      0x1ec c:/devkitPro/libctru/lib\libctru.a(apt.o)
 .text.aptWaitForWakeUp
                0x00102dc4      0x228 c:/devkitPro/libctru/lib\libctru.a(apt.o)
 .text.APT_CancelParameter
                0x00102fec       0x70 c:/devkitPro/libctru/lib\libctru.a(apt.o)
                0x00102fec                APT_CancelParameter
 .text.aptInit  0x0010305c      0x27c c:/devkitPro/libctru/lib\libctru.a(apt.o)
                0x0010305c                aptInit
 .text.aptClearParamQueue
                0x001032d8       0x90 c:/devkitPro/libctru/lib\libctru.a(apt.o)
 .text.aptMainLoop
                0x00103368      0x210 c:/devkitPro/libctru/lib\libctru.a(apt.o)
                0x00103368                aptMainLoop
 .text.aptExit  0x00103578      0x21c c:/devkitPro/libctru/lib\libctru.a(apt.o)
                0x00103578                aptExit
 .text.APT_CheckNew3DS
                0x00103794       0x7c c:/devkitPro/libctru/lib\libctru.a(apt.o)
                0x00103794                APT_CheckNew3DS
 .text.fsSessionForArchive.part.0
                0x00103810       0x28 c:/devkitPro/libctru/lib\libctru.a(fs.o)
 .text.fsInit   0x00103838       0xcc c:/devkitPro/libctru/lib\libctru.a(fs.o)
                0x00103838                fsInit
 .text.fsExit   0x00103904       0x3c c:/devkitPro/libctru/lib\libctru.a(fs.o)
                0x00103904                fsExit
 .text.fsExemptFromSession
                0x00103940       0xa0 c:/devkitPro/libctru/lib\libctru.a(fs.o)
                0x00103940                fsExemptFromSession
 .text.fsUnexemptFromSession
                0x001039e0       0x50 c:/devkitPro/libctru/lib\libctru.a(fs.o)
                0x001039e0                fsUnexemptFromSession
 .text.FSUSER_OpenFile
                0x00103a30       0xbc c:/devkitPro/libctru/lib\libctru.a(fs.o)
                0x00103a30                FSUSER_OpenFile
 .text.FSUSER_DeleteFile
                0x00103aec       0xa4 c:/devkitPro/libctru/lib\libctru.a(fs.o)
                0x00103aec                FSUSER_DeleteFile
 .text.FSUSER_RenameFile
                0x00103b90       0xe0 c:/devkitPro/libctru/lib\libctru.a(fs.o)
                0x00103b90                FSUSER_RenameFile
 .text.FSUSER_DeleteDirectory
                0x00103c70       0xa4 c:/devkitPro/libctru/lib\libctru.a(fs.o)
                0x00103c70                FSUSER_DeleteDirectory
 .text.FSUSER_CreateFile
                0x00103d14       0xbc c:/devkitPro/libctru/lib\libctru.a(fs.o)
                0x00103d14                FSUSER_CreateFile
 .text.FSUSER_CreateDirectory
                0x00103dd0       0xac c:/devkitPro/libctru/lib\libctru.a(fs.o)
                0x00103dd0                FSUSER_CreateDirectory
 .text.FSUSER_RenameDirectory
                0x00103e7c       0xe0 c:/devkitPro/libctru/lib\libctru.a(fs.o)
                0x00103e7c                FSUSER_RenameDirectory
 .text.FSUSER_OpenDirectory
                0x00103f5c       0xa4 c:/devkitPro/libctru/lib\libctru.a(fs.o)
                0x00103f5c                FSUSER_OpenDirectory
 .text.FSUSER_OpenArchive
                0x00104000       0x98 c:/devkitPro/libctru/lib\libctru.a(fs.o)
                0x00104000                FSUSER_OpenArchive
 .text.FSUSER_CloseArchive
                0x00104098       0x74 c:/devkitPro/libctru/lib\libctru.a(fs.o)
                0x00104098                FSUSER_CloseArchive
 .text.FSUSER_GetSdmcArchiveResource
                0x0010410c       0x78 c:/devkitPro/libctru/lib\libctru.a(fs.o)
                0x0010410c                FSUSER_GetSdmcArchiveResource
 .text.FSUSER_IsSdmcWritable
                0x00104184       0x64 c:/devkitPro/libctru/lib\libctru.a(fs.o)
                0x00104184                FSUSER_IsSdmcWritable
 .text.FSFILE_Read
                0x001041e8       0x5c c:/devkitPro/libctru/lib\libctru.a(fs.o)
                0x001041e8                FSFILE_Read
 .text.FSFILE_Write
                0x00104244       0x64 c:/devkitPro/libctru/lib\libctru.a(fs.o)
                0x00104244                FSFILE_Write
 .text.FSFILE_GetSize
                0x001042a8       0x3c c:/devkitPro/libctru/lib\libctru.a(fs.o)
                0x001042a8                FSFILE_GetSize
 .text.FSFILE_SetSize
                0x001042e4       0x2c c:/devkitPro/libctru/lib\libctru.a(fs.o)
                0x001042e4                FSFILE_SetSize
 .text.FSFILE_Close
                0x00104310       0x3c c:/devkitPro/libctru/lib\libctru.a(fs.o)
                0x00104310                FSFILE_Close
 .text.FSFILE_Flush
                0x0010434c       0x24 c:/devkitPro/libctru/lib\libctru.a(fs.o)
                0x0010434c                FSFILE_Flush
 .text.FSDIR_Read
                0x00104370       0x54 c:/devkitPro/libctru/lib\libctru.a(fs.o)
                0x00104370                FSDIR_Read
 .text.FSDIR_Close
                0x001043c4       0x3c c:/devkitPro/libctru/lib\libctru.a(fs.o)
                0x001043c4                FSDIR_Close
 .text.gspInit  0x00104400       0x74 c:/devkitPro/libctru/lib\libctru.a(gspgpu.o)
                0x00104400                gspInit
 .text.gspExit  0x00104474       0x3c c:/devkitPro/libctru/lib\libctru.a(gspgpu.o)
                0x00104474                gspExit
 .text.gspInitEventHandler
                0x001044b0       0xa0 c:/devkitPro/libctru/lib\libctru.a(gspgpu.o)
                0x001044b0                gspInitEventHandler
 .text.gspExitEventHandler
                0x00104550       0x40 c:/devkitPro/libctru/lib\libctru.a(gspgpu.o)
                0x00104550                gspExitEventHandler
 .text.gspWaitForEvent
                0x00104590       0x44 c:/devkitPro/libctru/lib\libctru.a(gspgpu.o)
                0x00104590                gspWaitForEvent
 .text.gxCmdQueueInterrupt
                0x001045d4        0x4 c:/devkitPro/libctru/lib\libctru.a(gspgpu.o)
                0x001045d4                gxCmdQueueInterrupt
 .text.gspEventThreadMain
                0x001045d8      0x17c c:/devkitPro/libctru/lib\libctru.a(gspgpu.o)
 .text.GSPGPU_SetBufferSwap
                0x00104754       0x6c c:/devkitPro/libctru/lib\libctru.a(gspgpu.o)
                0x00104754                GSPGPU_SetBufferSwap
 .text.GSPGPU_FlushDataCache
                0x001047c0       0x4c c:/devkitPro/libctru/lib\libctru.a(gspgpu.o)
                0x001047c0                GSPGPU_FlushDataCache
 .text.GSPGPU_SetLcdForceBlack
                0x0010480c       0x34 c:/devkitPro/libctru/lib\libctru.a(gspgpu.o)
                0x0010480c                GSPGPU_SetLcdForceBlack
 .text.GSPGPU_RegisterInterruptRelayQueue
                0x00104840       0x64 c:/devkitPro/libctru/lib\libctru.a(gspgpu.o)
                0x00104840                GSPGPU_RegisterInterruptRelayQueue
 .text.GSPGPU_UnregisterInterruptRelayQueue
                0x001048a4       0x2c c:/devkitPro/libctru/lib\libctru.a(gspgpu.o)
                0x001048a4                GSPGPU_UnregisterInterruptRelayQueue
 .text.GSPGPU_AcquireRight
                0x001048d0       0x48 c:/devkitPro/libctru/lib\libctru.a(gspgpu.o)
                0x001048d0                GSPGPU_AcquireRight
 .text.GSPGPU_ReleaseRight
                0x00104918       0x2c c:/devkitPro/libctru/lib\libctru.a(gspgpu.o)
                0x00104918                GSPGPU_ReleaseRight
 .text.GSPGPU_ImportDisplayCaptureInfo
                0x00104944       0x80 c:/devkitPro/libctru/lib\libctru.a(gspgpu.o)
                0x00104944                GSPGPU_ImportDisplayCaptureInfo
 .text.GSPGPU_SaveVramSysArea
                0x001049c4       0x2c c:/devkitPro/libctru/lib\libctru.a(gspgpu.o)
                0x001049c4                GSPGPU_SaveVramSysArea
 .text.GSPGPU_RestoreVramSysArea
                0x001049f0       0x2c c:/devkitPro/libctru/lib\libctru.a(gspgpu.o)
                0x001049f0                GSPGPU_RestoreVramSysArea
 .text.hidExit  0x00104a1c       0xd0 c:/devkitPro/libctru/lib\libctru.a(hid.o)
                0x00104a1c                hidExit
 .text.hidScanInput
                0x00104aec      0x268 c:/devkitPro/libctru/lib\libctru.a(hid.o)
                0x00104aec                hidScanInput
 .text.hidKeysDown
                0x00104d54       0x10 c:/devkitPro/libctru/lib\libctru.a(hid.o)
                0x00104d54                hidKeysDown
 .text.HIDUSER_GetHandles
                0x00104d64       0x90 c:/devkitPro/libctru/lib\libctru.a(hid.o)
                0x00104d64                HIDUSER_GetHandles
 .text.hidInit  0x00104df4      0x1ac c:/devkitPro/libctru/lib\libctru.a(hid.o)
                0x00104df4                hidInit
 .text.irrstScanInput
                0x00104fa0       0xac c:/devkitPro/libctru/lib\libctru.a(irrst.o)
                0x00104fa0                irrstScanInput
 .text.irrstKeysHeld
                0x0010504c       0x24 c:/devkitPro/libctru/lib\libctru.a(irrst.o)
                0x0010504c                irrstKeysHeld
 .text.IRRST_GetHandles
                0x00105070       0x50 c:/devkitPro/libctru/lib\libctru.a(irrst.o)
                0x00105070                IRRST_GetHandles
 .text.irrstInit
                0x001050c0      0x15c c:/devkitPro/libctru/lib\libctru.a(irrst.o)
                0x001050c0                irrstInit
 .text.IRRST_Shutdown
                0x0010521c       0x2c c:/devkitPro/libctru/lib\libctru.a(irrst.o)
                0x0010521c                IRRST_Shutdown
 .text.irrstExit
                0x00105248       0xac c:/devkitPro/libctru/lib\libctru.a(irrst.o)
                0x00105248                irrstExit
 .text.__system_initArgv
                0x001052f4       0xe8 c:/devkitPro/libctru/lib\libctru.a(initArgv.o)
                0x001052f4                __system_initArgv
 .text.__libctru_init
                0x001053dc       0x38 c:/devkitPro/libctru/lib\libctru.a(initSystem.o)
                0x001053dc                __libctru_init
 .text.__ctru_get_reent
                0x00105414       0x30 c:/devkitPro/libctru/lib\libctru.a(syscalls.o)
 .text.__system_initSyscalls
                0x00105444       0xe4 c:/devkitPro/libctru/lib\libctru.a(syscalls.o)
                0x00105444                __system_initSyscalls
 .text.svcControlMemory
                0x00105528       0x20 c:/devkitPro/libctru/lib\libctru.a(svc.o)
                0x00105528                svcControlMemory
 .text.svcExitProcess
                0x00105548        0x8 c:/devkitPro/libctru/lib\libctru.a(svc.o)
                0x00105548                svcExitProcess
 .text.svcCreateThread
                0x00105550       0x20 c:/devkitPro/libctru/lib\libctru.a(svc.o)
                0x00105550                svcCreateThread
 .text.svcExitThread
                0x00105570        0x8 c:/devkitPro/libctru/lib\libctru.a(svc.o)
                0x00105570                svcExitThread
 .text.svcSleepThread
                0x00105578        0x8 c:/devkitPro/libctru/lib\libctru.a(svc.o)
                0x00105578                svcSleepThread
 .text.svcReleaseMutex
                0x00105580        0x8 c:/devkitPro/libctru/lib\libctru.a(svc.o)
                0x00105580                svcReleaseMutex
 .text.svcCreateEvent
                0x00105588       0x14 c:/devkitPro/libctru/lib\libctru.a(svc.o)
                0x00105588                svcCreateEvent
 .text.svcSignalEvent
                0x0010559c        0x8 c:/devkitPro/libctru/lib\libctru.a(svc.o)
                0x0010559c                svcSignalEvent
 .text.svcClearEvent
                0x001055a4        0x8 c:/devkitPro/libctru/lib\libctru.a(svc.o)
                0x001055a4                svcClearEvent
 .text.svcMapMemoryBlock
                0x001055ac        0x8 c:/devkitPro/libctru/lib\libctru.a(svc.o)
                0x001055ac                svcMapMemoryBlock
 .text.svcUnmapMemoryBlock
                0x001055b4        0x8 c:/devkitPro/libctru/lib\libctru.a(svc.o)
                0x001055b4                svcUnmapMemoryBlock
 .text.svcCreateAddressArbiter
                0x001055bc       0x14 c:/devkitPro/libctru/lib\libctru.a(svc.o)
                0x001055bc                svcCreateAddressArbiter
 .text.svcArbitrateAddress
                0x001055d0       0x18 c:/devkitPro/libctru/lib\libctru.a(svc.o)
                0x001055d0                svcArbitrateAddress
 .text.svcCloseHandle
                0x001055e8        0x8 c:/devkitPro/libctru/lib\libctru.a(svc.o)
                0x001055e8                svcCloseHandle
 .text.svcWaitSynchronization
                0x001055f0        0x8 c:/devkitPro/libctru/lib\libctru.a(svc.o)
                0x001055f0                svcWaitSynchronization
 .text.svcWaitSynchronizationN
                0x001055f8       0x28 c:/devkitPro/libctru/lib\libctru.a(svc.o)
                0x001055f8                svcWaitSynchronizationN
 .text.svcDuplicateHandle
                0x00105620       0x14 c:/devkitPro/libctru/lib\libctru.a(svc.o)
                0x00105620                svcDuplicateHandle
 .text.svcGetSystemTick
                0x00105634        0x8 c:/devkitPro/libctru/lib\libctru.a(svc.o)
                0x00105634                svcGetSystemTick
 .text.svcGetSystemInfo
                0x0010563c       0x18 c:/devkitPro/libctru/lib\libctru.a(svc.o)
                0x0010563c                svcGetSystemInfo
 .text.svcConnectToPort
                0x00105654       0x14 c:/devkitPro/libctru/lib\libctru.a(svc.o)
                0x00105654                svcConnectToPort
 .text.svcSendSyncRequest
                0x00105668        0x8 c:/devkitPro/libctru/lib\libctru.a(svc.o)
                0x00105668                svcSendSyncRequest
 .text.svcBreak
                0x00105670        0x8 c:/devkitPro/libctru/lib\libctru.a(svc.o)
                0x00105670                svcBreak
 .text._ZL21addrMapNodeComparatorPK11rbtree_nodeS1_
                0x00105678       0x24 c:/devkitPro/libctru/lib\libctru.a(linear.o)
 .text._ZL21addrMapNodeDestructorP11rbtree_node
                0x0010569c        0x4 c:/devkitPro/libctru/lib\libctru.a(linear.o)
 .text.linearMemAlign
                0x001056a0      0x13c c:/devkitPro/libctru/lib\libctru.a(linear.o)
                0x001056a0                linearMemAlign
 .text.linearAlloc
                0x001057dc        0x8 c:/devkitPro/libctru/lib\libctru.a(linear.o)
                0x001057dc                linearAlloc
 .text.linearFree
                0x001057e4       0x50 c:/devkitPro/libctru/lib\libctru.a(linear.o)
                0x001057e4                linearFree
 .text._ZL21addrMapNodeComparatorPK11rbtree_nodeS1_
                0x00105834       0x24 c:/devkitPro/libctru/lib\libctru.a(mappable.o)
 .text._ZL21addrMapNodeDestructorP11rbtree_node
                0x00105858        0x4 c:/devkitPro/libctru/lib\libctru.a(mappable.o)
 .text.mappableAlloc
                0x0010585c       0xf4 c:/devkitPro/libctru/lib\libctru.a(mappable.o)
                0x0010585c                mappableAlloc
 .text.mappableFree
                0x00105950       0x50 c:/devkitPro/libctru/lib\libctru.a(mappable.o)
                0x00105950                mappableFree
 .text._ZN7MemPool13CoalesceRightEP8MemBlock
                0x001059a0       0x98 c:/devkitPro/libctru/lib\libctru.a(mem_pool.o)
                0x001059a0                MemPool::CoalesceRight(MemBlock*)
 .text._ZN7MemPool8AllocateER8MemChunkmi
                0x00105a38      0x178 c:/devkitPro/libctru/lib\libctru.a(mem_pool.o)
                0x00105a38                MemPool::Allocate(MemChunk&, unsigned long, int)
 .text._ZN7MemPool10DeallocateERK8MemChunk
                0x00105bb0      0x100 c:/devkitPro/libctru/lib\libctru.a(mem_pool.o)
                0x00105bb0                MemPool::Deallocate(MemChunk const&)
 .text._ZL21addrMapNodeComparatorPK11rbtree_nodeS1_
                0x00105cb0       0x24 c:/devkitPro/libctru/lib\libctru.a(vram.o)
 .text._ZL21addrMapNodeDestructorP11rbtree_node
                0x00105cd4        0x4 c:/devkitPro/libctru/lib\libctru.a(vram.o)
 .text.vramMemAlign
                0x00105cd8      0x12c c:/devkitPro/libctru/lib\libctru.a(vram.o)
                0x00105cd8                vramMemAlign
 .text.vramAlloc
                0x00105e04        0x8 c:/devkitPro/libctru/lib\libctru.a(vram.o)
                0x00105e04                vramAlloc
 .text.vramFree
                0x00105e0c       0x50 c:/devkitPro/libctru/lib\libctru.a(vram.o)
                0x00105e0c                vramFree
 .text.envGetHandle
                0x00105e5c       0x84 c:/devkitPro/libctru/lib\libctru.a(env.o)
                0x00105e5c                envGetHandle
 .text.envDestroyHandles
                0x00105ee0       0x4c c:/devkitPro/libctru/lib\libctru.a(env.o)
                0x00105ee0                envDestroyHandles
 .text.getSysTime
                0x00105f2c       0x58 c:/devkitPro/libctru/lib\libctru.a(os.o)
 .text.osGetMemRegionUsed
                0x00105f84       0x24 c:/devkitPro/libctru/lib\libctru.a(os.o)
                0x00105f84                osGetMemRegionUsed
 .text.__libctru_gtod
                0x00105fa8       0xf4 c:/devkitPro/libctru/lib\libctru.a(os.o)
                0x00105fa8                __libctru_gtod
 .text.__ctru_speedup_config
                0x0010609c       0x34 c:/devkitPro/libctru/lib\libctru.a(os.o)
                0x0010609c                __ctru_speedup_config
 .text.srvExit  0x001060d0       0x58 c:/devkitPro/libctru/lib\libctru.a(srv.o)
                0x001060d0                srvExit
 .text.srvRegisterClient
                0x00106128       0x38 c:/devkitPro/libctru/lib\libctru.a(srv.o)
                0x00106128                srvRegisterClient
 .text.srvInit  0x00106160       0x7c c:/devkitPro/libctru/lib\libctru.a(srv.o)
                0x00106160                srvInit
 .text.srvGetServiceHandleDirect
                0x001061dc       0x68 c:/devkitPro/libctru/lib\libctru.a(srv.o)
                0x001061dc                srvGetServiceHandleDirect
 .text.srvGetServiceHandle
                0x00106244       0x38 c:/devkitPro/libctru/lib\libctru.a(srv.o)
                0x00106244                srvGetServiceHandle
 .text.LightLock_Unlock.part.1
                0x0010627c       0x34 c:/devkitPro/libctru/lib\libctru.a(synchronization.o)
 .text.__sync_init
                0x001062b0        0xc c:/devkitPro/libctru/lib\libctru.a(synchronization.o)
                0x001062b0                __sync_init
 .text.__sync_fini
                0x001062bc       0x18 c:/devkitPro/libctru/lib\libctru.a(synchronization.o)
                0x001062bc                __sync_fini
 .text.__sync_get_arbiter
                0x001062d4       0x10 c:/devkitPro/libctru/lib\libctru.a(synchronization.o)
                0x001062d4                __sync_get_arbiter
 .text.LightLock_Init
                0x001062e4       0x18 c:/devkitPro/libctru/lib\libctru.a(synchronization.o)
                0x001062e4                LightLock_Init
 .text.LightLock_Lock
                0x001062fc       0xa0 c:/devkitPro/libctru/lib\libctru.a(synchronization.o)
                0x001062fc                LightLock_Lock
 .text.LightLock_TryLock
                0x0010639c       0x34 c:/devkitPro/libctru/lib\libctru.a(synchronization.o)
                0x0010639c                LightLock_TryLock
 .text.LightLock_Unlock
                0x001063d0       0x20 c:/devkitPro/libctru/lib\libctru.a(synchronization.o)
                0x001063d0                LightLock_Unlock
 .text.RecursiveLock_Init
                0x001063f0       0x24 c:/devkitPro/libctru/lib\libctru.a(synchronization.o)
                0x001063f0                RecursiveLock_Init
 .text.RecursiveLock_Lock
                0x00106414       0x30 c:/devkitPro/libctru/lib\libctru.a(synchronization.o)
                0x00106414                RecursiveLock_Lock
 .text.RecursiveLock_TryLock
                0x00106444       0x58 c:/devkitPro/libctru/lib\libctru.a(synchronization.o)
                0x00106444                RecursiveLock_TryLock
 .text.RecursiveLock_Unlock
                0x0010649c       0x38 c:/devkitPro/libctru/lib\libctru.a(synchronization.o)
                0x0010649c                RecursiveLock_Unlock
 .text.LightEvent_Init
                0x001064d4       0x38 c:/devkitPro/libctru/lib\libctru.a(synchronization.o)
                0x001064d4                LightEvent_Init
 .text.LightEvent_Clear
                0x0010650c       0x7c c:/devkitPro/libctru/lib\libctru.a(synchronization.o)
                0x0010650c                LightEvent_Clear
 .text.LightEvent_Signal
                0x00106588       0xdc c:/devkitPro/libctru/lib\libctru.a(synchronization.o)
                0x00106588                LightEvent_Signal
 .text.LightEvent_Wait
                0x00106664       0xd0 c:/devkitPro/libctru/lib\libctru.a(synchronization.o)
                0x00106664                LightEvent_Wait
 .text.threadFree.part.0
                0x00106734       0x1c c:/devkitPro/libctru/lib\libctru.a(thread.o)
 .text.threadCreate
                0x00106750      0x1bc c:/devkitPro/libctru/lib\libctru.a(thread.o)
                0x00106750                threadCreate
 .text.threadJoin
                0x0010690c       0x24 c:/devkitPro/libctru/lib\libctru.a(thread.o)
                0x0010690c                threadJoin
 .text.threadExit
                0x00106930       0x64 c:/devkitPro/libctru/lib\libctru.a(thread.o)
                0x00106930                threadExit
 .text._thread_begin
                0x00106994       0x40 c:/devkitPro/libctru/lib\libctru.a(thread.o)
 .text.ptmSysmInit
                0x001069d4       0x74 c:/devkitPro/libctru/lib\libctru.a(ptmsysm.o)
                0x001069d4                ptmSysmInit
 .text.ptmSysmExit
                0x00106a48       0x3c c:/devkitPro/libctru/lib\libctru.a(ptmsysm.o)
                0x00106a48                ptmSysmExit
 .text.PTMSYSM_ConfigureNew3DSCPU
                0x00106a84       0x34 c:/devkitPro/libctru/lib\libctru.a(ptmsysm.o)
                0x00106a84                PTMSYSM_ConfigureNew3DSCPU
 .text.rbtree_find
                0x00106ab8       0x70 c:/devkitPro/libctru/lib\libctru.a(rbtree_find.o)
                0x00106ab8                rbtree_find
 .text.rbtree_init
                0x00106b28       0x14 c:/devkitPro/libctru/lib\libctru.a(rbtree_init.o)
                0x00106b28                rbtree_init
 .text.do_insert
                0x00106b3c      0x18c c:/devkitPro/libctru/lib\libctru.a(rbtree_insert.o)
 .text.rbtree_insert
                0x00106cc8        0x8 c:/devkitPro/libctru/lib\libctru.a(rbtree_insert.o)
                0x00106cc8                rbtree_insert
 .text.rbtree_remove
                0x00106cd0      0x324 c:/devkitPro/libctru/lib\libctru.a(rbtree_remove.o)
                0x00106cd0                rbtree_remove
 .text.rbtree_rotate
                0x00106ff4       0x94 c:/devkitPro/libctru/lib\libctru.a(rbtree_rotate.o)
                0x00106ff4                rbtree_rotate
 .text.osGetMemRegionSize
                0x00107088       0x58 c:/devkitPro/libctru/lib\libctru.a(allocateHeaps.o)
 .text.__system_allocateHeaps
                0x001070e0      0x104 c:/devkitPro/libctru/lib\libctru.a(allocateHeaps.o)
                0x001070e0                __system_allocateHeaps
 .text.__appExit
                0x001071e4       0x1c c:/devkitPro/libctru/lib\libctru.a(appExit.o)
                0x001071e4                __appExit
 .text.__appInit
                0x00107200       0x1c c:/devkitPro/libctru/lib\libctru.a(appInit.o)
                0x00107200                __appInit
 .text.__libctru_exit
                0x0010721c       0xa4 c:/devkitPro/libctru/lib\libctru.a(ctru_exit.o)
                0x0010721c                __libctru_exit
 .text.sdmc_link
                0x001072c0       0x10 c:/devkitPro/libctru/lib\libctru.a(sdmc_dev.o)
 .text.sdmc_dirreset
                0x001072d0       0x10 c:/devkitPro/libctru/lib\libctru.a(sdmc_dev.o)
 .text.sdmc_fchmod
                0x001072e0       0x10 c:/devkitPro/libctru/lib\libctru.a(sdmc_dev.o)
 .text.error_cmp
                0x001072f0       0x24 c:/devkitPro/libctru/lib\libctru.a(sdmc_dev.o)
 .text.sdmc_translate_error
                0x00107314       0x50 c:/devkitPro/libctru/lib\libctru.a(sdmc_dev.o)
 .text.sdmc_fsync
                0x00107364       0x34 c:/devkitPro/libctru/lib\libctru.a(sdmc_dev.o)
 .text.sdmc_ftruncate
                0x00107398       0x54 c:/devkitPro/libctru/lib\libctru.a(sdmc_dev.o)
 .text.sdmc_statvfs
                0x001073ec       0xb8 c:/devkitPro/libctru/lib\libctru.a(sdmc_dev.o)
 .text.sdmc_dirclose
                0x001074a4       0x38 c:/devkitPro/libctru/lib\libctru.a(sdmc_dev.o)
 .text.sdmc_dirnext
                0x001074dc      0x138 c:/devkitPro/libctru/lib\libctru.a(sdmc_dev.o)
 .text.sdmc_close
                0x00107614       0x34 c:/devkitPro/libctru/lib\libctru.a(sdmc_dev.o)
 .text.sdmc_fstat
                0x00107648       0x74 c:/devkitPro/libctru/lib\libctru.a(sdmc_dev.o)
 .text.sdmc_seek
                0x001076bc       0xd8 c:/devkitPro/libctru/lib\libctru.a(sdmc_dev.o)
 .text.sdmc_read
                0x00107794       0x84 c:/devkitPro/libctru/lib\libctru.a(sdmc_dev.o)
 .text.sdmc_write
                0x00107818       0xb8 c:/devkitPro/libctru/lib\libctru.a(sdmc_dev.o)
 .text.sdmc_utf16path
                0x001078d0      0x1a8 c:/devkitPro/libctru/lib\libctru.a(sdmc_dev.o)
 .text.sdmc_rmdir
                0x00107a78       0x74 c:/devkitPro/libctru/lib\libctru.a(sdmc_dev.o)
 .text.sdmc_diropen
                0x00107aec       0xa4 c:/devkitPro/libctru/lib\libctru.a(sdmc_dev.o)
 .text.sdmc_chdir
                0x00107b90       0xa0 c:/devkitPro/libctru/lib\libctru.a(sdmc_dev.o)
 .text.sdmc_mkdir
                0x00107c30       0x98 c:/devkitPro/libctru/lib\libctru.a(sdmc_dev.o)
 .text.sdmc_rename
                0x00107cc8      0x108 c:/devkitPro/libctru/lib\libctru.a(sdmc_dev.o)
 .text.sdmc_unlink
                0x00107dd0       0x74 c:/devkitPro/libctru/lib\libctru.a(sdmc_dev.o)
 .text.sdmc_stat
                0x00107e44      0x108 c:/devkitPro/libctru/lib\libctru.a(sdmc_dev.o)
 .text.sdmc_open
                0x00107f4c      0x188 c:/devkitPro/libctru/lib\libctru.a(sdmc_dev.o)
 .text.sdmc_chmod
                0x001080d4       0x10 c:/devkitPro/libctru/lib\libctru.a(sdmc_dev.o)
 .text.sdmcInit
                0x001080e4      0x160 c:/devkitPro/libctru/lib\libctru.a(sdmc_dev.o)
                0x001080e4                sdmcInit
 .text.sdmcExit
                0x00108244       0x60 c:/devkitPro/libctru/lib\libctru.a(sdmc_dev.o)
                0x00108244                sdmcExit
 .text.rbtree_node_next
                0x001082a4       0x74 c:/devkitPro/libctru/lib\libctru.a(rbtree_iterator.o)
                0x001082a4                rbtree_node_next
 .text.decode_utf8
                0x00108318      0x138 c:/devkitPro/libctru/lib\libctru.a(decode_utf8.o)
                0x00108318                decode_utf8
 .text.utf16_to_utf8
                0x00108450       0xe8 c:/devkitPro/libctru/lib\libctru.a(utf16_to_utf8.o)
                0x00108450                utf16_to_utf8
 .text.utf8_to_utf16
                0x00108538       0xc0 c:/devkitPro/libctru/lib\libctru.a(utf8_to_utf16.o)
                0x00108538                utf8_to_utf16
 .text.__aeabi_read_tp
                0x001085f8        0xc c:/devkitPro/libctru/lib\libctru.a(readtp.o)
                0x001085f8                __aeabi_read_tp
 .text.decode_utf16
                0x00108604       0x60 c:/devkitPro/libctru/lib\libctru.a(decode_utf16.o)
                0x00108604                decode_utf16
 .text.encode_utf16
                0x00108664       0x68 c:/devkitPro/libctru/lib\libctru.a(encode_utf16.o)
                0x00108664                encode_utf16
 .text.encode_utf8
                0x001086cc      0x104 c:/devkitPro/libctru/lib\libctru.a(encode_utf8.o)
                0x001086cc                encode_utf8
 .text.__udivmoddi4
                0x001087d0      0x128 c:/devkitpro/devkitarm/bin/../lib/gcc/arm-none-eabi/6.3.0/armv6k/fpu\libgcc.a(_udivmoddi4.o)
                0x001087d0                __udivmoddi4
 .text.bsearch  0x001088f8       0x74 c:/devkitpro/devkitarm/bin/../lib/gcc/arm-none-eabi/6.3.0/../../../../arm-none-eabi/lib/armv6k/fpu\libg.a(lib_a-bsearch.o)
                0x001088f8                bsearch
 .text.__libc_fini_array
                0x0010896c       0x40 c:/devkitpro/devkitarm/bin/../lib/gcc/arm-none-eabi/6.3.0/../../../../arm-none-eabi/lib/armv6k/fpu\libg.a(lib_a-fini.o)
                0x0010896c                __libc_fini_array
 .text.__libc_init_array
                0x001089ac       0x78 c:/devkitpro/devkitarm/bin/../lib/gcc/arm-none-eabi/6.3.0/../../../../arm-none-eabi/lib/armv6k/fpu\libg.a(lib_a-init.o)
                0x001089ac                __libc_init_array
 .text.memalign
                0x00108a24       0x20 c:/devkitpro/devkitarm/bin/../lib/gcc/arm-none-eabi/6.3.0/../../../../arm-none-eabi/lib/armv6k/fpu\libg.a(lib_a-malign.o)
                0x00108a24                memalign
 .text._memalign_r
                0x00108a44      0x158 c:/devkitpro/devkitarm/bin/../lib/gcc/arm-none-eabi/6.3.0/../../../../arm-none-eabi/lib/armv6k/fpu\libg.a(lib_a-malignr.o)
                0x00108a44                _memalign_r
 .text.malloc   0x00108b9c       0x18 c:/devkitpro/devkitarm/bin/../lib/gcc/arm-none-eabi/6.3.0/../../../../arm-none-eabi/lib/armv6k/fpu\libg.a(lib_a-malloc.o)
                0x00108b9c                malloc
 .text.free     0x00108bb4       0x18 c:/devkitpro/devkitarm/bin/../lib/gcc/arm-none-eabi/6.3.0/../../../../arm-none-eabi/lib/armv6k/fpu\libg.a(lib_a-malloc.o)
                0x00108bb4                free
 .text._malloc_r
                0x00108bcc      0x78c c:/devkitpro/devkitarm/bin/../lib/gcc/arm-none-eabi/6.3.0/../../../../arm-none-eabi/lib/armv6k/fpu\libg.a(lib_a-mallocr.o)
                0x00108bcc                _malloc_r
 .text.memchr   0x00109358      0x104 c:/devkitpro/devkitarm/bin/../lib/gcc/arm-none-eabi/6.3.0/../../../../arm-none-eabi/lib/armv6k/fpu\libg.a(lib_a-memchr-stub.o)
                0x00109358                memchr
 .text.memcpy   0x0010945c      0x114 c:/devkitpro/devkitarm/bin/../lib/gcc/arm-none-eabi/6.3.0/../../../../arm-none-eabi/lib/armv6k/fpu\libg.a(lib_a-memcpy-stub.o)
                0x0010945c                memcpy
 .text.memset   0x00109570      0x110 c:/devkitpro/devkitarm/bin/../lib/gcc/arm-none-eabi/6.3.0/../../../../arm-none-eabi/lib/armv6k/fpu\libg.a(lib_a-memset.o)
                0x00109570                memset
 .text.__malloc_lock
                0x00109680        0xc c:/devkitpro/devkitarm/bin/../lib/gcc/arm-none-eabi/6.3.0/../../../../arm-none-eabi/lib/armv6k/fpu\libg.a(lib_a-mlock.o)
                0x00109680                __malloc_lock
 .text.__malloc_unlock
                0x0010968c        0xc c:/devkitpro/devkitarm/bin/../lib/gcc/arm-none-eabi/6.3.0/../../../../arm-none-eabi/lib/armv6k/fpu\libg.a(lib_a-mlock.o)
                0x0010968c                __malloc_unlock
 .text.printf   0x00109698       0x38 c:/devkitpro/devkitarm/bin/../lib/gcc/arm-none-eabi/6.3.0/../../../../arm-none-eabi/lib/armv6k/fpu\libg.a(lib_a-printf.o)
                0x00109698                printf
 .text._puts_r  0x001096d0       0xe0 c:/devkitpro/devkitarm/bin/../lib/gcc/arm-none-eabi/6.3.0/../../../../arm-none-eabi/lib/armv6k/fpu\libg.a(lib_a-puts.o)
                0x001096d0                _puts_r
 .text.puts     0x001097b0       0x18 c:/devkitpro/devkitarm/bin/../lib/gcc/arm-none-eabi/6.3.0/../../../../arm-none-eabi/lib/armv6k/fpu\libg.a(lib_a-puts.o)
                0x001097b0                puts
 .text.setvbuf  0x001097c8      0x258 c:/devkitpro/devkitarm/bin/../lib/gcc/arm-none-eabi/6.3.0/../../../../arm-none-eabi/lib/armv6k/fpu\libg.a(lib_a-setvbuf.o)
                0x001097c8                setvbuf
 .text.sscanf   0x00109a20       0x74 c:/devkitpro/devkitarm/bin/../lib/gcc/arm-none-eabi/6.3.0/../../../../arm-none-eabi/lib/armv6k/fpu\libg.a(lib_a-sscanf.o)
                0x00109a20                sscanf
 .text.__sread  0x00109a94       0x3c c:/devkitpro/devkitarm/bin/../lib/gcc/arm-none-eabi/6.3.0/../../../../arm-none-eabi/lib/armv6k/fpu\libg.a(lib_a-stdio.o)
                0x00109a94                __sread
 .text.__seofread
                0x00109ad0        0x8 c:/devkitpro/devkitarm/bin/../lib/gcc/arm-none-eabi/6.3.0/../../../../arm-none-eabi/lib/armv6k/fpu\libg.a(lib_a-stdio.o)
                0x00109ad0                __seofread
 .text.__swrite
                0x00109ad8       0x64 c:/devkitpro/devkitarm/bin/../lib/gcc/arm-none-eabi/6.3.0/../../../../arm-none-eabi/lib/armv6k/fpu\libg.a(lib_a-stdio.o)
                0x00109ad8                __swrite
 .text.__sseek  0x00109b3c       0x4c c:/devkitpro/devkitarm/bin/../lib/gcc/arm-none-eabi/6.3.0/../../../../arm-none-eabi/lib/armv6k/fpu\libg.a(lib_a-stdio.o)
                0x00109b3c                __sseek
 .text.__sclose
                0x00109b88        0x8 c:/devkitpro/devkitarm/bin/../lib/gcc/arm-none-eabi/6.3.0/../../../../arm-none-eabi/lib/armv6k/fpu\libg.a(lib_a-stdio.o)
                0x00109b88                __sclose
 .text.strlen   0x00109b90       0x5c c:/devkitpro/devkitarm/bin/../lib/gcc/arm-none-eabi/6.3.0/../../../../arm-none-eabi/lib/armv6k/fpu\libg.a(lib_a-strlen-stub.o)
                0x00109b90                strlen
 .text.strncat  0x00109bec       0x9c c:/devkitpro/devkitarm/bin/../lib/gcc/arm-none-eabi/6.3.0/../../../../arm-none-eabi/lib/armv6k/fpu\libg.a(lib_a-strncat.o)
                0x00109bec                strncat
 .text.strncpy  0x00109c88       0xd8 c:/devkitpro/devkitarm/bin/../lib/gcc/arm-none-eabi/6.3.0/../../../../arm-none-eabi/lib/armv6k/fpu\libg.a(lib_a-strncpy.o)
                0x00109c88                strncpy
 .text.__ssvfscanf_r
                0x00109d60     0x290c c:/devkitpro/devkitarm/bin/../lib/gcc/arm-none-eabi/6.3.0/../../../../arm-none-eabi/lib/armv6k/fpu\libg.a(lib_a-svfscanf.o)
                0x00109d60                __ssvfscanf_r
 .text.__sprint_r.part.0
                0x0010c66c       0x1c c:/devkitpro/devkitarm/bin/../lib/gcc/arm-none-eabi/6.3.0/../../../../arm-none-eabi/lib/armv6k/fpu\libg.a(lib_a-vfiprintf.o)
 .text.__sprint_r
                0x0010c688       0x1c c:/devkitpro/devkitarm/bin/../lib/gcc/arm-none-eabi/6.3.0/../../../../arm-none-eabi/lib/armv6k/fpu\libg.a(lib_a-vfiprintf.o)
                0x0010c688                __sprint_r
 .text.get_arg  0x0010c6a4     0x1624 c:/devkitpro/devkitarm/bin/../lib/gcc/arm-none-eabi/6.3.0/../../../../arm-none-eabi/lib/armv6k/fpu\libg.a(lib_a-vfprintf.o)
 .text._vfprintf_r
                0x0010dcc8     0x4314 c:/devkitpro/devkitarm/bin/../lib/gcc/arm-none-eabi/6.3.0/../../../../arm-none-eabi/lib/armv6k/fpu\libg.a(lib_a-vfprintf.o)
                0x0010dcc8                _vfprintf_r
 .text.__sbprintf
                0x00111fdc       0xcc c:/devkitpro/devkitarm/bin/../lib/gcc/arm-none-eabi/6.3.0/../../../../arm-none-eabi/lib/armv6k/fpu\libg.a(lib_a-vfprintf.o)
 .text._wcrtomb_r
                0x001120a8       0xa0 c:/devkitpro/devkitarm/bin/../lib/gcc/arm-none-eabi/6.3.0/../../../../arm-none-eabi/lib/armv6k/fpu\libg.a(lib_a-wcrtomb.o)
                0x001120a8                _wcrtomb_r
 .text._wcsrtombs_r
                0x00112148       0x20 c:/devkitpro/devkitarm/bin/../lib/gcc/arm-none-eabi/6.3.0/../../../../arm-none-eabi/lib/armv6k/fpu\libg.a(lib_a-wcsrtombs.o)
                0x00112148                _wcsrtombs_r
 .text.__swsetup_r
                0x00112168      0x144 c:/devkitpro/devkitarm/bin/../lib/gcc/arm-none-eabi/6.3.0/../../../../arm-none-eabi/lib/armv6k/fpu\libg.a(lib_a-wsetup.o)
                0x00112168                __swsetup_r
 .text.quorem   0x001122ac      0x1d0 c:/devkitpro/devkitarm/bin/../lib/gcc/arm-none-eabi/6.3.0/../../../../arm-none-eabi/lib/armv6k/fpu\libg.a(lib_a-dtoa.o)
 *fill*         0x0011247c        0x4 
 .text._dtoa_r  0x00112480     0x1260 c:/devkitpro/devkitarm/bin/../lib/gcc/arm-none-eabi/6.3.0/../../../../arm-none-eabi/lib/armv6k/fpu\libg.a(lib_a-dtoa.o)
                0x00112480                _dtoa_r
 .text.__sflush_r
                0x001136e0      0x254 c:/devkitpro/devkitarm/bin/../lib/gcc/arm-none-eabi/6.3.0/../../../../arm-none-eabi/lib/armv6k/fpu\libg.a(lib_a-fflush.o)
                0x001136e0                __sflush_r
 .text._fflush_r
                0x00113934       0x94 c:/devkitpro/devkitarm/bin/../lib/gcc/arm-none-eabi/6.3.0/../../../../arm-none-eabi/lib/armv6k/fpu\libg.a(lib_a-fflush.o)
                0x00113934                _fflush_r
 .text._cleanup_r
                0x001139c8        0xc c:/devkitpro/devkitarm/bin/../lib/gcc/arm-none-eabi/6.3.0/../../../../arm-none-eabi/lib/armv6k/fpu\libg.a(lib_a-findfp.o)
                0x001139c8                _cleanup_r
 .text.std.isra.0
                0x001139d4       0x80 c:/devkitpro/devkitarm/bin/../lib/gcc/arm-none-eabi/6.3.0/../../../../arm-none-eabi/lib/armv6k/fpu\libg.a(lib_a-findfp.o)
 .text.__sinit  0x00113a54       0x8c c:/devkitpro/devkitarm/bin/../lib/gcc/arm-none-eabi/6.3.0/../../../../arm-none-eabi/lib/armv6k/fpu\libg.a(lib_a-findfp.o)
                0x00113a54                __sinit
 .text.__sfp_lock_acquire
                0x00113ae0        0xc c:/devkitpro/devkitarm/bin/../lib/gcc/arm-none-eabi/6.3.0/../../../../arm-none-eabi/lib/armv6k/fpu\libg.a(lib_a-findfp.o)
                0x00113ae0                __sfp_lock_acquire
 .text.__sfp_lock_release
                0x00113aec        0xc c:/devkitpro/devkitarm/bin/../lib/gcc/arm-none-eabi/6.3.0/../../../../arm-none-eabi/lib/armv6k/fpu\libg.a(lib_a-findfp.o)
                0x00113aec                __sfp_lock_release
 .text._malloc_trim_r
                0x00113af8       0xf8 c:/devkitpro/devkitarm/bin/../lib/gcc/arm-none-eabi/6.3.0/../../../../arm-none-eabi/lib/armv6k/fpu\libg.a(lib_a-freer.o)
                0x00113af8                _malloc_trim_r
 .text._free_r  0x00113bf0      0x2e4 c:/devkitpro/devkitarm/bin/../lib/gcc/arm-none-eabi/6.3.0/../../../../arm-none-eabi/lib/armv6k/fpu\libg.a(lib_a-freer.o)
                0x00113bf0                _free_r
 .text.__sfvwrite_r
                0x00113ed4      0x4ac c:/devkitpro/devkitarm/bin/../lib/gcc/arm-none-eabi/6.3.0/../../../../arm-none-eabi/lib/armv6k/fpu\libg.a(lib_a-fvwrite.o)
                0x00113ed4                __sfvwrite_r
 .text._fwalk_reent
                0x00114380       0x80 c:/devkitpro/devkitarm/bin/../lib/gcc/arm-none-eabi/6.3.0/../../../../arm-none-eabi/lib/armv6k/fpu\libg.a(lib_a-fwalk.o)
                0x00114380                _fwalk_reent
 .text.iswspace
                0x00114400       0x74 c:/devkitpro/devkitarm/bin/../lib/gcc/arm-none-eabi/6.3.0/../../../../arm-none-eabi/lib/armv6k/fpu\libg.a(lib_a-iswspace.o)
                0x00114400                iswspace
 .text.__jp2uc  0x00114474      0x204 c:/devkitpro/devkitarm/bin/../lib/gcc/arm-none-eabi/6.3.0/../../../../arm-none-eabi/lib/armv6k/fpu\libg.a(lib_a-jp2uc.o)
 .text._jp2uc   0x00114678       0xc8 c:/devkitpro/devkitarm/bin/../lib/gcc/arm-none-eabi/6.3.0/../../../../arm-none-eabi/lib/armv6k/fpu\libg.a(lib_a-jp2uc.o)
                0x00114678                _jp2uc
 .text.__localeconv_l
                0x00114740        0x8 c:/devkitpro/devkitarm/bin/../lib/gcc/arm-none-eabi/6.3.0/../../../../arm-none-eabi/lib/armv6k/fpu\libg.a(lib_a-localeconv.o)
                0x00114740                __localeconv_l
 .text._localeconv_r
                0x00114748       0x24 c:/devkitpro/devkitarm/bin/../lib/gcc/arm-none-eabi/6.3.0/../../../../arm-none-eabi/lib/armv6k/fpu\libg.a(lib_a-localeconv.o)
                0x00114748                _localeconv_r
 .text.__locale_mb_cur_max
                0x0011476c       0x24 c:/devkitpro/devkitarm/bin/../lib/gcc/arm-none-eabi/6.3.0/../../../../arm-none-eabi/lib/armv6k/fpu\libg.a(lib_a-locale.o)
                0x0011476c                __locale_mb_cur_max
 .text.__locale_ctype_ptr_l
                0x00114790        0x8 c:/devkitpro/devkitarm/bin/../lib/gcc/arm-none-eabi/6.3.0/../../../../arm-none-eabi/lib/armv6k/fpu\libg.a(lib_a-locale.o)
                0x00114790                __locale_ctype_ptr_l
 .text.__locale_ctype_ptr
                0x00114798       0x24 c:/devkitpro/devkitarm/bin/../lib/gcc/arm-none-eabi/6.3.0/../../../../arm-none-eabi/lib/armv6k/fpu\libg.a(lib_a-locale.o)
                0x00114798                __locale_ctype_ptr
 .text.__swhatbuf_r
                0x001147bc       0x94 c:/devkitpro/devkitarm/bin/../lib/gcc/arm-none-eabi/6.3.0/../../../../arm-none-eabi/lib/armv6k/fpu\libg.a(lib_a-makebuf.o)
                0x001147bc                __swhatbuf_r
 .text.__smakebuf_r
                0x00114850       0xf4 c:/devkitpro/devkitarm/bin/../lib/gcc/arm-none-eabi/6.3.0/../../../../arm-none-eabi/lib/armv6k/fpu\libg.a(lib_a-makebuf.o)
                0x00114850                __smakebuf_r
 .text._mbrtowc_r
                0x00114944       0xb4 c:/devkitpro/devkitarm/bin/../lib/gcc/arm-none-eabi/6.3.0/../../../../arm-none-eabi/lib/armv6k/fpu\libg.a(lib_a-mbrtowc.o)
                0x00114944                _mbrtowc_r
 .text.__utf8_mbtowc
                0x001149f8      0x300 c:/devkitpro/devkitarm/bin/../lib/gcc/arm-none-eabi/6.3.0/../../../../arm-none-eabi/lib/armv6k/fpu\libg.a(lib_a-mbtowc_r.o)
                0x001149f8                __utf8_mbtowc
 .text.memmove  0x00114cf8      0x148 c:/devkitpro/devkitarm/bin/../lib/gcc/arm-none-eabi/6.3.0/../../../../arm-none-eabi/lib/armv6k/fpu\libg.a(lib_a-memmove.o)
                0x00114cf8                memmove
 .text._Balloc  0x00114e40       0x88 c:/devkitpro/devkitarm/bin/../lib/gcc/arm-none-eabi/6.3.0/../../../../arm-none-eabi/lib/armv6k/fpu\libg.a(lib_a-mprec.o)
                0x00114e40                _Balloc
 .text._Bfree   0x00114ec8       0x1c c:/devkitpro/devkitarm/bin/../lib/gcc/arm-none-eabi/6.3.0/../../../../arm-none-eabi/lib/armv6k/fpu\libg.a(lib_a-mprec.o)
                0x00114ec8                _Bfree
 .text.__multadd
                0x00114ee4       0xd8 c:/devkitpro/devkitarm/bin/../lib/gcc/arm-none-eabi/6.3.0/../../../../arm-none-eabi/lib/armv6k/fpu\libg.a(lib_a-mprec.o)
                0x00114ee4                __multadd
 .text.__s2b    0x00114fbc       0xf0 c:/devkitpro/devkitarm/bin/../lib/gcc/arm-none-eabi/6.3.0/../../../../arm-none-eabi/lib/armv6k/fpu\libg.a(lib_a-mprec.o)
                0x00114fbc                __s2b
 .text.__hi0bits
                0x001150ac       0x58 c:/devkitpro/devkitarm/bin/../lib/gcc/arm-none-eabi/6.3.0/../../../../arm-none-eabi/lib/armv6k/fpu\libg.a(lib_a-mprec.o)
                0x001150ac                __hi0bits
 .text.__lo0bits
                0x00115104       0x9c c:/devkitpro/devkitarm/bin/../lib/gcc/arm-none-eabi/6.3.0/../../../../arm-none-eabi/lib/armv6k/fpu\libg.a(lib_a-mprec.o)
                0x00115104                __lo0bits
 .text.__i2b    0x001151a0       0x20 c:/devkitpro/devkitarm/bin/../lib/gcc/arm-none-eabi/6.3.0/../../../../arm-none-eabi/lib/armv6k/fpu\libg.a(lib_a-mprec.o)
                0x001151a0                __i2b
 .text.__multiply
                0x001151c0      0x1cc c:/devkitpro/devkitarm/bin/../lib/gcc/arm-none-eabi/6.3.0/../../../../arm-none-eabi/lib/armv6k/fpu\libg.a(lib_a-mprec.o)
                0x001151c0                __multiply
 .text.__pow5mult
                0x0011538c      0x100 c:/devkitpro/devkitarm/bin/../lib/gcc/arm-none-eabi/6.3.0/../../../../arm-none-eabi/lib/armv6k/fpu\libg.a(lib_a-mprec.o)
                0x0011538c                __pow5mult
 .text.__lshift
                0x0011548c       0xe4 c:/devkitpro/devkitarm/bin/../lib/gcc/arm-none-eabi/6.3.0/../../../../arm-none-eabi/lib/armv6k/fpu\libg.a(lib_a-mprec.o)
                0x0011548c                __lshift
 .text.__mcmp   0x00115570       0x60 c:/devkitpro/devkitarm/bin/../lib/gcc/arm-none-eabi/6.3.0/../../../../arm-none-eabi/lib/armv6k/fpu\libg.a(lib_a-mprec.o)
                0x00115570                __mcmp
 .text.__mdiff  0x001155d0      0x198 c:/devkitpro/devkitarm/bin/../lib/gcc/arm-none-eabi/6.3.0/../../../../arm-none-eabi/lib/armv6k/fpu\libg.a(lib_a-mprec.o)
                0x001155d0                __mdiff
 .text.__ulp    0x00115768       0x78 c:/devkitpro/devkitarm/bin/../lib/gcc/arm-none-eabi/6.3.0/../../../../arm-none-eabi/lib/armv6k/fpu\libg.a(lib_a-mprec.o)
                0x00115768                __ulp
 .text.__b2d    0x001157e0       0xd4 c:/devkitpro/devkitarm/bin/../lib/gcc/arm-none-eabi/6.3.0/../../../../arm-none-eabi/lib/armv6k/fpu\libg.a(lib_a-mprec.o)
                0x001157e0                __b2d
 .text.__d2b    0x001158b4      0x108 c:/devkitpro/devkitarm/bin/../lib/gcc/arm-none-eabi/6.3.0/../../../../arm-none-eabi/lib/armv6k/fpu\libg.a(lib_a-mprec.o)
                0x001158b4                __d2b
 .text.__ratio  0x001159bc       0x7c c:/devkitpro/devkitarm/bin/../lib/gcc/arm-none-eabi/6.3.0/../../../../arm-none-eabi/lib/armv6k/fpu\libg.a(lib_a-mprec.o)
                0x001159bc                __ratio
 .text.__copybits
                0x00115a38       0x6c c:/devkitpro/devkitarm/bin/../lib/gcc/arm-none-eabi/6.3.0/../../../../arm-none-eabi/lib/armv6k/fpu\libg.a(lib_a-mprec.o)
                0x00115a38                __copybits
 .text.__any_on
                0x00115aa4       0x80 c:/devkitpro/devkitarm/bin/../lib/gcc/arm-none-eabi/6.3.0/../../../../arm-none-eabi/lib/armv6k/fpu\libg.a(lib_a-mprec.o)
                0x00115aa4                __any_on
 .text._realloc_r
                0x00115b24      0x4cc c:/devkitpro/devkitarm/bin/../lib/gcc/arm-none-eabi/6.3.0/../../../../arm-none-eabi/lib/armv6k/fpu\libg.a(lib_a-reallocr.o)
                0x00115b24                _realloc_r
 .text.__sccl   0x00115ff0       0xcc c:/devkitpro/devkitarm/bin/../lib/gcc/arm-none-eabi/6.3.0/../../../../arm-none-eabi/lib/armv6k/fpu\libg.a(lib_a-sccl.o)
                0x00115ff0                __sccl
 .text.nanf     0x001160bc        0xc c:/devkitpro/devkitarm/bin/../lib/gcc/arm-none-eabi/6.3.0/../../../../arm-none-eabi/lib/armv6k/fpu\libg.a(lib_a-sf_nan.o)
                0x001160bc                nanf
 .text.frexp    0x001160c8       0x9c c:/devkitpro/devkitarm/bin/../lib/gcc/arm-none-eabi/6.3.0/../../../../arm-none-eabi/lib/armv6k/fpu\libg.a(lib_a-s_frexp.o)
                0x001160c8                frexp
 .text.sprintf  0x00116164       0x68 c:/devkitpro/devkitarm/bin/../lib/gcc/arm-none-eabi/6.3.0/../../../../arm-none-eabi/lib/armv6k/fpu\libg.a(lib_a-sprintf.o)
                0x00116164                sprintf
 .text.stpncpy  0x001161cc      0x100 c:/devkitpro/devkitarm/bin/../lib/gcc/arm-none-eabi/6.3.0/../../../../arm-none-eabi/lib/armv6k/fpu\libg.a(lib_a-stpncpy.o)
                0x001161cc                stpncpy
 .text.strchr   0x001162cc      0x1ac c:/devkitpro/devkitarm/bin/../lib/gcc/arm-none-eabi/6.3.0/../../../../arm-none-eabi/lib/armv6k/fpu\libg.a(lib_a-strchr.o)
                0x001162cc                strchr
 .text.strncmp  0x00116478      0x108 c:/devkitpro/devkitarm/bin/../lib/gcc/arm-none-eabi/6.3.0/../../../../arm-none-eabi/lib/armv6k/fpu\libg.a(lib_a-strncmp.o)
                0x00116478                strncmp
 .text.unlikely.sulp
                0x00116580       0x54 c:/devkitpro/devkitarm/bin/../lib/gcc/arm-none-eabi/6.3.0/../../../../arm-none-eabi/lib/armv6k/fpu\libg.a(lib_a-strtod.o)
 *fill*         0x001165d4        0x4 
 .text._strtod_l
                0x001165d8     0x1434 c:/devkitpro/devkitarm/bin/../lib/gcc/arm-none-eabi/6.3.0/../../../../arm-none-eabi/lib/armv6k/fpu\libg.a(lib_a-strtod.o)
                0x001165d8                _strtod_l
 .text._strtod_r
                0x00117a0c       0x3c c:/devkitpro/devkitarm/bin/../lib/gcc/arm-none-eabi/6.3.0/../../../../arm-none-eabi/lib/armv6k/fpu\libg.a(lib_a-strtod.o)
                0x00117a0c                _strtod_r
 .text._strtoll_l.isra.0
                0x00117a48      0x2dc c:/devkitpro/devkitarm/bin/../lib/gcc/arm-none-eabi/6.3.0/../../../../arm-none-eabi/lib/armv6k/fpu\libg.a(lib_a-strtoll.o)
 .text._strtoll_r
                0x00117d24       0x50 c:/devkitpro/devkitarm/bin/../lib/gcc/arm-none-eabi/6.3.0/../../../../arm-none-eabi/lib/armv6k/fpu\libg.a(lib_a-strtoll.o)
                0x00117d24                _strtoll_r
 .text._strtol_l.isra.0
                0x00117d74      0x220 c:/devkitpro/devkitarm/bin/../lib/gcc/arm-none-eabi/6.3.0/../../../../arm-none-eabi/lib/armv6k/fpu\libg.a(lib_a-strtol.o)
 .text._strtol_r
                0x00117f94       0x50 c:/devkitpro/devkitarm/bin/../lib/gcc/arm-none-eabi/6.3.0/../../../../arm-none-eabi/lib/armv6k/fpu\libg.a(lib_a-strtol.o)
                0x00117f94                _strtol_r
 *fill*         0x00117fe4        0x4 
 .text._strtoull_l.isra.0
                0x00117fe8      0x268 c:/devkitpro/devkitarm/bin/../lib/gcc/arm-none-eabi/6.3.0/../../../../arm-none-eabi/lib/armv6k/fpu\libg.a(lib_a-strtoull.o)
 .text._strtoull_r
                0x00118250       0x50 c:/devkitpro/devkitarm/bin/../lib/gcc/arm-none-eabi/6.3.0/../../../../arm-none-eabi/lib/armv6k/fpu\libg.a(lib_a-strtoull.o)
                0x00118250                _strtoull_r
 .text._strtoul_l.isra.0
                0x001182a0      0x1e4 c:/devkitpro/devkitarm/bin/../lib/gcc/arm-none-eabi/6.3.0/../../../../arm-none-eabi/lib/armv6k/fpu\libg.a(lib_a-strtoul.o)
 .text._strtoul_r
                0x00118484       0x50 c:/devkitpro/devkitarm/bin/../lib/gcc/arm-none-eabi/6.3.0/../../../../arm-none-eabi/lib/armv6k/fpu\libg.a(lib_a-strtoul.o)
                0x00118484                _strtoul_r
 .text.__ssprint_r
                0x001184d4      0x188 c:/devkitpro/devkitarm/bin/../lib/gcc/arm-none-eabi/6.3.0/../../../../arm-none-eabi/lib/armv6k/fpu\libg.a(lib_a-svfiprintf.o)
                0x001184d4                __ssprint_r
 .text._sungetc_r
                0x0011865c       0xe8 c:/devkitpro/devkitarm/bin/../lib/gcc/arm-none-eabi/6.3.0/../../../../arm-none-eabi/lib/armv6k/fpu\libg.a(lib_a-svfiscanf.o)
                0x0011865c                _sungetc_r
 .text.__ssrefill_r
                0x00118744       0x6c c:/devkitpro/devkitarm/bin/../lib/gcc/arm-none-eabi/6.3.0/../../../../arm-none-eabi/lib/armv6k/fpu\libg.a(lib_a-svfiscanf.o)
                0x00118744                __ssrefill_r
 .text._sfread_r
                0x001187b0       0xd0 c:/devkitpro/devkitarm/bin/../lib/gcc/arm-none-eabi/6.3.0/../../../../arm-none-eabi/lib/armv6k/fpu\libg.a(lib_a-svfiscanf.o)
                0x001187b0                _sfread_r
 .text.get_arg  0x00118880     0x1624 c:/devkitpro/devkitarm/bin/../lib/gcc/arm-none-eabi/6.3.0/../../../../arm-none-eabi/lib/armv6k/fpu\libg.a(lib_a-svfprintf.o)
 *fill*         0x00119ea4        0x4 
 .text._svfprintf_r
                0x00119ea8     0x41c4 c:/devkitpro/devkitarm/bin/../lib/gcc/arm-none-eabi/6.3.0/../../../../arm-none-eabi/lib/armv6k/fpu\libg.a(lib_a-svfprintf.o)
                0x00119ea8                _svfprintf_r
 .text.__submore
                0x0011e06c       0xa8 c:/devkitpro/devkitarm/bin/../lib/gcc/arm-none-eabi/6.3.0/../../../../arm-none-eabi/lib/armv6k/fpu\libg.a(lib_a-ungetc.o)
                0x0011e06c                __submore
 .text._wcsnrtombs_l
                0x0011e114      0x174 c:/devkitpro/devkitarm/bin/../lib/gcc/arm-none-eabi/6.3.0/../../../../arm-none-eabi/lib/armv6k/fpu\libg.a(lib_a-wcsnrtombs.o)
                0x0011e114                _wcsnrtombs_l
 .text._wcsnrtombs_r
                0x0011e288       0x64 c:/devkitpro/devkitarm/bin/../lib/gcc/arm-none-eabi/6.3.0/../../../../arm-none-eabi/lib/armv6k/fpu\libg.a(lib_a-wcsnrtombs.o)
                0x0011e288                _wcsnrtombs_r
 .text.__utf8_wctomb
                0x0011e2ec       0xe8 c:/devkitpro/devkitarm/bin/../lib/gcc/arm-none-eabi/6.3.0/../../../../arm-none-eabi/lib/armv6k/fpu\libg.a(lib_a-wctomb_r.o)
                0x0011e2ec                __utf8_wctomb
 .text._calloc_r
                0x0011e3d4       0x90 c:/devkitpro/devkitarm/bin/../lib/gcc/arm-none-eabi/6.3.0/../../../../arm-none-eabi/lib/armv6k/fpu\libg.a(lib_a-callocr.o)
                0x0011e3d4                _calloc_r
 .text._fclose_r
                0x0011e464      0x154 c:/devkitpro/devkitarm/bin/../lib/gcc/arm-none-eabi/6.3.0/../../../../arm-none-eabi/lib/armv6k/fpu\libg.a(lib_a-fclose.o)
                0x0011e464                _fclose_r
 .text.rshift   0x0011e5b8       0xf0 c:/devkitpro/devkitarm/bin/../lib/gcc/arm-none-eabi/6.3.0/../../../../arm-none-eabi/lib/armv6k/fpu\libg.a(lib_a-gdtoa-gethex.o)
 .text.__gethex
                0x0011e6a8      0x7f4 c:/devkitpro/devkitarm/bin/../lib/gcc/arm-none-eabi/6.3.0/../../../../arm-none-eabi/lib/armv6k/fpu\libg.a(lib_a-gdtoa-gethex.o)
                0x0011e6a8                __gethex
 .text.__match  0x0011ee9c       0x64 c:/devkitpro/devkitarm/bin/../lib/gcc/arm-none-eabi/6.3.0/../../../../arm-none-eabi/lib/armv6k/fpu\libg.a(lib_a-gdtoa-hexnan.o)
                0x0011ee9c                __match
 .text.__hexnan
                0x0011ef00      0x264 c:/devkitpro/devkitarm/bin/../lib/gcc/arm-none-eabi/6.3.0/../../../../arm-none-eabi/lib/armv6k/fpu\libg.a(lib_a-gdtoa-hexnan.o)
                0x0011ef00                __hexnan
 .text.null_write
                0x0011f164        0x8 c:/devkitpro/devkitarm/bin/../lib/gcc/arm-none-eabi/6.3.0/../../../../arm-none-eabi/lib/armv6k/fpu\libsysbase.a(iosupport.o)
 .text.setDefaultDevice
                0x0011f16c       0x18 c:/devkitpro/devkitarm/bin/../lib/gcc/arm-none-eabi/6.3.0/../../../../arm-none-eabi/lib/armv6k/fpu\libsysbase.a(iosupport.o)
                0x0011f16c                setDefaultDevice
 .text.FindDevice
                0x0011f184       0xcc c:/devkitpro/devkitarm/bin/../lib/gcc/arm-none-eabi/6.3.0/../../../../arm-none-eabi/lib/armv6k/fpu\libsysbase.a(iosupport.o)
                0x0011f184                FindDevice
 .text.RemoveDevice
                0x0011f250       0x28 c:/devkitpro/devkitarm/bin/../lib/gcc/arm-none-eabi/6.3.0/../../../../arm-none-eabi/lib/armv6k/fpu\libsysbase.a(iosupport.o)
                0x0011f250                RemoveDevice
 .text.AddDevice
                0x0011f278       0x98 c:/devkitpro/devkitarm/bin/../lib/gcc/arm-none-eabi/6.3.0/../../../../arm-none-eabi/lib/armv6k/fpu\libsysbase.a(iosupport.o)
                0x0011f278                AddDevice
 .text._close_r
                0x0011f310       0x84 c:/devkitpro/devkitarm/bin/../lib/gcc/arm-none-eabi/6.3.0/../../../../arm-none-eabi/lib/armv6k/fpu\libsysbase.a(close.o)
                0x0011f310                _close_r
 .text._fstat_r
                0x0011f394       0x7c c:/devkitpro/devkitarm/bin/../lib/gcc/arm-none-eabi/6.3.0/../../../../arm-none-eabi/lib/armv6k/fpu\libsysbase.a(fstat.o)
                0x0011f394                _fstat_r
 .text._isatty_r
                0x0011f410        0x8 c:/devkitpro/devkitarm/bin/../lib/gcc/arm-none-eabi/6.3.0/../../../../arm-none-eabi/lib/armv6k/fpu\libsysbase.a(isatty.o)
                0x0011f410                _isatty_r
 .text._lseek_r
                0x0011f418       0x90 c:/devkitpro/devkitarm/bin/../lib/gcc/arm-none-eabi/6.3.0/../../../../arm-none-eabi/lib/armv6k/fpu\libsysbase.a(lseek.o)
                0x0011f418                _lseek_r
 .text._read_r  0x0011f4a8       0x88 c:/devkitpro/devkitarm/bin/../lib/gcc/arm-none-eabi/6.3.0/../../../../arm-none-eabi/lib/armv6k/fpu\libsysbase.a(read.o)
                0x0011f4a8                _read_r
 .text._sbrk_r  0x0011f530       0x70 c:/devkitpro/devkitarm/bin/../lib/gcc/arm-none-eabi/6.3.0/../../../../arm-none-eabi/lib/armv6k/fpu\libsysbase.a(sbrk.o)
                0x0011f530                _sbrk_r
 .text._write_r
                0x0011f5a0       0x88 c:/devkitpro/devkitarm/bin/../lib/gcc/arm-none-eabi/6.3.0/../../../../arm-none-eabi/lib/armv6k/fpu\libsysbase.a(write.o)
                0x0011f5a0                _write_r
 .text._concatenate_path
                0x0011f628      0x1d4 c:/devkitpro/devkitarm/bin/../lib/gcc/arm-none-eabi/6.3.0/../../../../arm-none-eabi/lib/armv6k/fpu\libsysbase.a(chdir.o)
                0x0011f628                _concatenate_path
 .text.chdir    0x0011f7fc      0x15c c:/devkitpro/devkitarm/bin/../lib/gcc/arm-none-eabi/6.3.0/../../../../arm-none-eabi/lib/armv6k/fpu\libsysbase.a(chdir.o)
                0x0011f7fc                chdir
 .text.__flockfile
                0x0011f958        0x8 c:/devkitpro/devkitarm/bin/../lib/gcc/arm-none-eabi/6.3.0/../../../../arm-none-eabi/lib/armv6k/fpu\libsysbase.a(flock.o)
                0x0011f958                __flockfile
 .text.__funlockfile
                0x0011f960        0x8 c:/devkitpro/devkitarm/bin/../lib/gcc/arm-none-eabi/6.3.0/../../../../arm-none-eabi/lib/armv6k/fpu\libsysbase.a(flock.o)
                0x0011f960                __funlockfile
 .text.__libc_lock_acquire
                0x0011f968       0x18 c:/devkitpro/devkitarm/bin/../lib/gcc/arm-none-eabi/6.3.0/../../../../arm-none-eabi/lib/armv6k/fpu\libsysbase.a(syscall_support.o)
                0x0011f968                __libc_lock_acquire
 .text.__libc_lock_release
                0x0011f980       0x18 c:/devkitpro/devkitarm/bin/../lib/gcc/arm-none-eabi/6.3.0/../../../../arm-none-eabi/lib/armv6k/fpu\libsysbase.a(syscall_support.o)
                0x0011f980                __libc_lock_release
 .text.__libc_lock_init_recursive
                0x0011f998       0x18 c:/devkitpro/devkitarm/bin/../lib/gcc/arm-none-eabi/6.3.0/../../../../arm-none-eabi/lib/armv6k/fpu\libsysbase.a(syscall_support.o)
                0x0011f998                __libc_lock_init_recursive
 .text.__libc_lock_acquire_recursive
                0x0011f9b0       0x18 c:/devkitpro/devkitarm/bin/../lib/gcc/arm-none-eabi/6.3.0/../../../../arm-none-eabi/lib/armv6k/fpu\libsysbase.a(syscall_support.o)
                0x0011f9b0                __libc_lock_acquire_recursive
 .text.__libc_lock_release_recursive
                0x0011f9c8       0x18 c:/devkitpro/devkitarm/bin/../lib/gcc/arm-none-eabi/6.3.0/../../../../arm-none-eabi/lib/armv6k/fpu\libsysbase.a(syscall_support.o)
                0x0011f9c8                __libc_lock_release_recursive
 .text.__libc_lock_close_recursive
                0x0011f9e0       0x18 c:/devkitpro/devkitarm/bin/../lib/gcc/arm-none-eabi/6.3.0/../../../../arm-none-eabi/lib/armv6k/fpu\libsysbase.a(syscall_support.o)
                0x0011f9e0                __libc_lock_close_recursive
 .text.__free_handle
                0x0011f9f8       0x4c c:/devkitpro/devkitarm/bin/../lib/gcc/arm-none-eabi/6.3.0/../../../../arm-none-eabi/lib/armv6k/fpu\libsysbase.a(handle_manager.o)
                0x0011f9f8                __free_handle
 .text.__release_handle
                0x0011fa44       0x40 c:/devkitpro/devkitarm/bin/../lib/gcc/arm-none-eabi/6.3.0/../../../../arm-none-eabi/lib/armv6k/fpu\libsysbase.a(handle_manager.o)
                0x0011fa44                __release_handle
 .text.__get_handle
                0x0011fa84       0x18 c:/devkitpro/devkitarm/bin/../lib/gcc/arm-none-eabi/6.3.0/../../../../arm-none-eabi/lib/armv6k/fpu\libsysbase.a(handle_manager.o)
                0x0011fa84                __get_handle
 .text.__getreent
                0x0011fa9c       0x28 c:/devkitpro/devkitarm/bin/../lib/gcc/arm-none-eabi/6.3.0/../../../../arm-none-eabi/lib/armv6k/fpu\libsysbase.a(getreent.o)
                0x0011fa9c                __getreent
 .text.strnlen  0x0011fac4       0x5c c:/devkitpro/devkitarm/bin/../lib/gcc/arm-none-eabi/6.3.0/../../../../arm-none-eabi/lib/armv6k/fpu\libg.a(lib_a-strnlen.o)
                0x0011fac4                strnlen
 .text.strrchr  0x0011fb20       0x44 c:/devkitpro/devkitarm/bin/../lib/gcc/arm-none-eabi/6.3.0/../../../../arm-none-eabi/lib/armv6k/fpu\libg.a(lib_a-strrchr.o)
                0x0011fb20                strrchr
 *(.glue_7)
 .glue_7        0x0011fb64        0x0 linker stubs
 *(.glue_7t)
 .glue_7t       0x0011fb64        0x0 linker stubs
 *(.stub)
 *(.gnu.warning)
 *(.gnu.linkonce.t*)
                0x0011fb64                . = ALIGN (0x4)
 *(.fini)
 .fini          0x0011fb64        0xc c:/devkitpro/devkitarm/bin/../lib/gcc/arm-none-eabi/6.3.0/armv6k/fpu/crti.o
                0x0011fb64                _fini
 .fini          0x0011fb70        0xc c:/devkitpro/devkitarm/bin/../lib/gcc/arm-none-eabi/6.3.0/armv6k/fpu/crtn.o
                0x0011fb7c                . = ALIGN (0x4)

.vfp11_veneer   0x0011fb7c        0x0
 .vfp11_veneer  0x0011fb7c        0x0 linker stubs

.v4_bx          0x0011fb7c        0x0
 .v4_bx         0x0011fb7c        0x0 linker stubs

.iplt           0x0011fb7c        0x0
 .iplt          0x0011fb7c        0x0 c:/devkitpro/devkitarm/bin/../lib/gcc/arm-none-eabi/6.3.0/../../../../arm-none-eabi/lib/armv6k/fpu/3dsx_crt0.o

.rodata         0x00120000     0x48c0
 *(.rodata)
 .rodata        0x00120000      0x804 c:/devkitPro/libctru/lib\libctru.a(default_font.bin.o)
                0x00120000                default_font_bin
                0x00120800                default_font_bin_size
                0x00120800                default_font_bin_end
 .rodata        0x00120804        0xc c:/devkitPro/libctru/lib\libctru.a(sdmc_dev.o)
 *(.roda)
 *(.rodata.*)
 .rodata.str1.4
                0x00120810      0x353 main.o
                                0x35f (size before relaxing)
 *fill*         0x00120b63        0x1 
 .rodata.colorTable
                0x00120b64       0x30 c:/devkitPro/libctru/lib\libctru.a(console.o)
 .rodata.con_write.str1.4
                0x00120b94       0x52 c:/devkitPro/libctru/lib\libctru.a(console.o)
 *fill*         0x00120be6        0x2 
 .rodata.dotab_stdout
                0x00120be8       0x68 c:/devkitPro/libctru/lib\libctru.a(console.o)
 .rodata.str1.4
                0x00120c50       0x10 c:/devkitPro/libctru/lib\libctru.a(console.o)
 .rodata.CSWTCH.28
                0x00120c60       0x14 c:/devkitPro/libctru/lib\libctru.a(gfx.o)
 .rodata.framebufferInfoSt
                0x00120c74        0x8 c:/devkitPro/libctru/lib\libctru.a(gfx.o)
 .rodata.aptSendCommand.str1.4
                0x00120c7c        0x6 c:/devkitPro/libctru/lib\libctru.a(apt.o)
 *fill*         0x00120c82        0x2 
 .rodata.serviceNameTable.7525
                0x00120c84        0xc c:/devkitPro/libctru/lib\libctru.a(apt.o)
 .rodata.str1.4
                0x00120c90        0xe c:/devkitPro/libctru/lib\libctru.a(apt.o)
 *fill*         0x00120c9e        0x2 
 .rodata.fsInit.str1.4
                0x00120ca0        0x8 c:/devkitPro/libctru/lib\libctru.a(fs.o)
 .rodata.gspInit.str1.4
                0x00120ca8        0x9 c:/devkitPro/libctru/lib\libctru.a(gspgpu.o)
 *fill*         0x00120cb1        0x3 
 .rodata.hidInit.str1.4
                0x00120cb4       0x15 c:/devkitPro/libctru/lib\libctru.a(hid.o)
 *fill*         0x00120cc9        0x3 
 .rodata.irrstInit.str1.4
                0x00120ccc        0x7 c:/devkitPro/libctru/lib\libctru.a(irrst.o)
 *fill*         0x00120cd3        0x1 
 .rodata.srvInit.str1.4
                0x00120cd4        0x5 c:/devkitPro/libctru/lib\libctru.a(srv.o)
 *fill*         0x00120cd9        0x3 
 .rodata.ptmSysmInit.str1.4
                0x00120cdc        0x9 c:/devkitPro/libctru/lib\libctru.a(ptmsysm.o)
 *fill*         0x00120ce5        0x3 
 .rodata.error_table
                0x00120ce8       0x30 c:/devkitPro/libctru/lib\libctru.a(sdmc_dev.o)
 .rodata.sdmcExit.str1.4
                0x00120d18        0x6 c:/devkitPro/libctru/lib\libctru.a(sdmc_dev.o)
 *fill*         0x00120d1e        0x2 
 .rodata.str1.4
                0x00120d20        0x5 c:/devkitPro/libctru/lib\libctru.a(sdmc_dev.o)
                                  0x9 (size before relaxing)
 .rodata._puts_r.str1.4
                0x00120d25        0x5 c:/devkitpro/devkitarm/bin/../lib/gcc/arm-none-eabi/6.3.0/../../../../arm-none-eabi/lib/armv6k/fpu\libg.a(lib_a-puts.o)
                                  0x2 (size before relaxing)
 *fill*         0x00120d25        0x3 
 .rodata.__ssvfscanf_r.str1.4
                0x00120d28        0x5 c:/devkitpro/devkitarm/bin/../lib/gcc/arm-none-eabi/6.3.0/../../../../arm-none-eabi/lib/armv6k/fpu\libg.a(lib_a-svfscanf.o)
 *fill*         0x00120d2d        0x3 
 .rodata.basefix.8441
                0x00120d30       0x22 c:/devkitpro/devkitarm/bin/../lib/gcc/arm-none-eabi/6.3.0/../../../../arm-none-eabi/lib/armv6k/fpu\libg.a(lib_a-svfscanf.o)
 *fill*         0x00120d52        0x2 
 .rodata._vfprintf_r.str1.4
                0x00120d54       0x42 c:/devkitpro/devkitarm/bin/../lib/gcc/arm-none-eabi/6.3.0/../../../../arm-none-eabi/lib/armv6k/fpu\libg.a(lib_a-vfprintf.o)
 *fill*         0x00120d96        0x2 
 .rodata.blanks.8415
                0x00120d98       0x10 c:/devkitpro/devkitarm/bin/../lib/gcc/arm-none-eabi/6.3.0/../../../../arm-none-eabi/lib/armv6k/fpu\libg.a(lib_a-vfprintf.o)
 .rodata.zeroes.8416
                0x00120da8       0x10 c:/devkitpro/devkitarm/bin/../lib/gcc/arm-none-eabi/6.3.0/../../../../arm-none-eabi/lib/armv6k/fpu\libg.a(lib_a-vfprintf.o)
 .rodata._dtoa_r.str1.4
                0x00120db8       0x10 c:/devkitpro/devkitarm/bin/../lib/gcc/arm-none-eabi/6.3.0/../../../../arm-none-eabi/lib/armv6k/fpu\libg.a(lib_a-dtoa.o)
                                 0x12 (size before relaxing)
 .rodata._jp2uc.str1.4
                0x00120dc8       0x12 c:/devkitpro/devkitarm/bin/../lib/gcc/arm-none-eabi/6.3.0/../../../../arm-none-eabi/lib/armv6k/fpu\libg.a(lib_a-jp2uc.o)
 *fill*         0x00120dda        0x2 
 .rodata.a1     0x00120ddc       0xbc c:/devkitpro/devkitarm/bin/../lib/gcc/arm-none-eabi/6.3.0/../../../../arm-none-eabi/lib/armv6k/fpu\libg.a(lib_a-jp2uc.o)
 .rodata.a2     0x00120e98       0xbc c:/devkitpro/devkitarm/bin/../lib/gcc/arm-none-eabi/6.3.0/../../../../arm-none-eabi/lib/armv6k/fpu\libg.a(lib_a-jp2uc.o)
 .rodata.a3     0x00120f54       0x5b c:/devkitpro/devkitarm/bin/../lib/gcc/arm-none-eabi/6.3.0/../../../../arm-none-eabi/lib/armv6k/fpu\libg.a(lib_a-jp2uc.o)
 *fill*         0x00120faf        0x1 
 .rodata.a6     0x00120fb0       0x70 c:/devkitpro/devkitarm/bin/../lib/gcc/arm-none-eabi/6.3.0/../../../../arm-none-eabi/lib/armv6k/fpu\libg.a(lib_a-jp2uc.o)
 .rodata.a7     0x00121020       0xa2 c:/devkitpro/devkitarm/bin/../lib/gcc/arm-none-eabi/6.3.0/../../../../arm-none-eabi/lib/armv6k/fpu\libg.a(lib_a-jp2uc.o)
 *fill*         0x001210c2        0x2 
 .rodata.a8     0x001210c4       0x40 c:/devkitpro/devkitarm/bin/../lib/gcc/arm-none-eabi/6.3.0/../../../../arm-none-eabi/lib/armv6k/fpu\libg.a(lib_a-jp2uc.o)
 .rodata.b02cf  0x00121104     0x172a c:/devkitpro/devkitarm/bin/../lib/gcc/arm-none-eabi/6.3.0/../../../../arm-none-eabi/lib/armv6k/fpu\libg.a(lib_a-jp2uc.o)
 *fill*         0x0012282e        0x2 
 .rodata.d02f4  0x00122830     0x1a7c c:/devkitpro/devkitarm/bin/../lib/gcc/arm-none-eabi/6.3.0/../../../../arm-none-eabi/lib/armv6k/fpu\libg.a(lib_a-jp2uc.o)
 .rodata.str1.4
                0x001242ac       0x44 c:/devkitpro/devkitarm/bin/../lib/gcc/arm-none-eabi/6.3.0/../../../../arm-none-eabi/lib/armv6k/fpu\libg.a(lib_a-locale.o)
                                 0x4c (size before relaxing)
 .rodata._mbrtowc_r.str1.4
                0x001242f0        0x1 c:/devkitpro/devkitarm/bin/../lib/gcc/arm-none-eabi/6.3.0/../../../../arm-none-eabi/lib/armv6k/fpu\libg.a(lib_a-mbrtowc.o)
 .rodata.__mprec_bigtens
                0x001242f0       0x28 c:/devkitpro/devkitarm/bin/../lib/gcc/arm-none-eabi/6.3.0/../../../../arm-none-eabi/lib/armv6k/fpu\libg.a(lib_a-mprec.o)
                0x001242f0                __mprec_bigtens
 .rodata.__mprec_tens
                0x00124318       0xc8 c:/devkitpro/devkitarm/bin/../lib/gcc/arm-none-eabi/6.3.0/../../../../arm-none-eabi/lib/armv6k/fpu\libg.a(lib_a-mprec.o)
                0x00124318                __mprec_tens
 .rodata.p05.7191
                0x001243e0        0xc c:/devkitpro/devkitarm/bin/../lib/gcc/arm-none-eabi/6.3.0/../../../../arm-none-eabi/lib/armv6k/fpu\libg.a(lib_a-mprec.o)
 .rodata._strtod_l.str1.4
                0x001243ec        0xf c:/devkitpro/devkitarm/bin/../lib/gcc/arm-none-eabi/6.3.0/../../../../arm-none-eabi/lib/armv6k/fpu\libg.a(lib_a-strtod.o)
 *fill*         0x001243fb        0x1 
 .rodata.fpi.7277
                0x001243fc       0x14 c:/devkitpro/devkitarm/bin/../lib/gcc/arm-none-eabi/6.3.0/../../../../arm-none-eabi/lib/armv6k/fpu\libg.a(lib_a-strtod.o)
 .rodata.fpinan.7313
                0x00124410       0x14 c:/devkitpro/devkitarm/bin/../lib/gcc/arm-none-eabi/6.3.0/../../../../arm-none-eabi/lib/armv6k/fpu\libg.a(lib_a-strtod.o)
 *fill*         0x00124424        0x4 
 .rodata.tinytens
                0x00124428       0x28 c:/devkitpro/devkitarm/bin/../lib/gcc/arm-none-eabi/6.3.0/../../../../arm-none-eabi/lib/armv6k/fpu\libg.a(lib_a-strtod.o)
 .rodata.__action_table
                0x00124450       0x6c c:/devkitpro/devkitarm/bin/../lib/gcc/arm-none-eabi/6.3.0/../../../../arm-none-eabi/lib/armv6k/fpu\libg.a(lib_a-svfiprintf.o)
                0x00124450                __action_table
 .rodata.__chclass
                0x001244bc      0x100 c:/devkitpro/devkitarm/bin/../lib/gcc/arm-none-eabi/6.3.0/../../../../arm-none-eabi/lib/armv6k/fpu\libg.a(lib_a-svfiprintf.o)
                0x001244bc                __chclass
 .rodata.__state_table
                0x001245bc       0x6c c:/devkitpro/devkitarm/bin/../lib/gcc/arm-none-eabi/6.3.0/../../../../arm-none-eabi/lib/armv6k/fpu\libg.a(lib_a-svfiprintf.o)
                0x001245bc                __state_table
 .rodata._svfprintf_r.str1.4
                0x00124628       0x42 c:/devkitpro/devkitarm/bin/../lib/gcc/arm-none-eabi/6.3.0/../../../../arm-none-eabi/lib/armv6k/fpu\libg.a(lib_a-svfprintf.o)
 .rodata.blanks.8400
                0x00124628       0x10 c:/devkitpro/devkitarm/bin/../lib/gcc/arm-none-eabi/6.3.0/../../../../arm-none-eabi/lib/armv6k/fpu\libg.a(lib_a-svfprintf.o)
 .rodata.zeroes.8401
                0x00124638       0x10 c:/devkitpro/devkitarm/bin/../lib/gcc/arm-none-eabi/6.3.0/../../../../arm-none-eabi/lib/armv6k/fpu\libg.a(lib_a-svfprintf.o)
 .rodata._ctype_
                0x00124648      0x101 c:/devkitpro/devkitarm/bin/../lib/gcc/arm-none-eabi/6.3.0/../../../../arm-none-eabi/lib/armv6k/fpu\libg.a(lib_a-ctype_.o)
                0x00124648                _ctype_
 *fill*         0x00124749        0x3 
 .rodata.__hexdig
                0x0012474c      0x100 c:/devkitpro/devkitarm/bin/../lib/gcc/arm-none-eabi/6.3.0/../../../../arm-none-eabi/lib/armv6k/fpu\libg.a(lib_a-gdtoa-gethex.o)
                0x0012474c                __hexdig
 .rodata.AddDevice.str1.4
                0x0012484c        0x8 c:/devkitpro/devkitarm/bin/../lib/gcc/arm-none-eabi/6.3.0/../../../../arm-none-eabi/lib/armv6k/fpu\libsysbase.a(iosupport.o)
 .rodata.dotab_stdnull
                0x00124854       0x68 c:/devkitpro/devkitarm/bin/../lib/gcc/arm-none-eabi/6.3.0/../../../../arm-none-eabi/lib/armv6k/fpu\libsysbase.a(iosupport.o)
                0x00124854                dotab_stdnull
 .rodata.DIRECTORY_PARENT
                0x001248bc        0x3 c:/devkitpro/devkitarm/bin/../lib/gcc/arm-none-eabi/6.3.0/../../../../arm-none-eabi/lib/armv6k/fpu\libsysbase.a(chdir.o)
                0x001248bc                DIRECTORY_PARENT
 *all.rodata*(*)
 *(.gnu.linkonce.r*)
                0x001248c0                . = ALIGN (0x4)
 *fill*         0x001248bf        0x1 

.eh_frame       0x001248c0        0x0
 .eh_frame      0x001248c0        0x0 c:/devkitpro/devkitarm/bin/../lib/gcc/arm-none-eabi/6.3.0/armv6k/fpu/crtbegin.o

.rel.dyn        0x001248c0        0x0
 .rel.iplt      0x001248c0        0x0 c:/devkitpro/devkitarm/bin/../lib/gcc/arm-none-eabi/6.3.0/../../../../arm-none-eabi/lib/armv6k/fpu/3dsx_crt0.o

.ARM.extab
 *(.ARM.extab* .gnu.linkonce.armextab.*)
                0x001248c0                __exidx_start = .

ARM.exidx
 *(.ARM.exidx* .gnu.linkonce.armexidx.*)
                0x001248c0                __exidx_end = .

.data           0x00125000     0x2f4c
 *(.data)
 .data          0x00125000        0x4 c:/devkitPro/libctru/lib\libctru.a(stack_adjust.o)
                0x00125000                __stacksize__
 *(.data.*)
 .data.currentConsole
                0x00125004        0x4 c:/devkitPro/libctru/lib\libctru.a(console.o)
                0x00125004                currentConsole
 .data.defaultConsole
                0x00125008       0x4c c:/devkitPro/libctru/lib\libctru.a(console.o)
                0x00125008                defaultConsole
 .data.firstConsoleInit.7768
                0x00125054        0x1 c:/devkitPro/libctru/lib\libctru.a(console.o)
 .data.botFormat
                0x00125055        0x1 c:/devkitPro/libctru/lib\libctru.a(gfx.o)
 *fill*         0x00125056        0x2 
 .data.doubleBuf
                0x00125058        0x8 c:/devkitPro/libctru/lib\libctru.a(gfx.o)
 .data.topFormat
                0x00125060        0x1 c:/devkitPro/libctru/lib\libctru.a(gfx.o)
 *fill*         0x00125061        0x3 
 .data.aptFlags
                0x00125064        0x4 c:/devkitPro/libctru/lib\libctru.a(apt.o)
 .data.gspLastEvent
                0x00125068        0x4 c:/devkitPro/libctru/lib\libctru.a(gspgpu.o)
 .data.__ctru_linear_heap_size
                0x0012506c        0x4 c:/devkitPro/libctru/lib\libctru.a(allocateHeaps.o)
                0x0012506c                __ctru_linear_heap_size
 .data.__cwd    0x00125070      0x401 c:/devkitPro/libctru/lib\libctru.a(sdmc_dev.o)
 *fill*         0x00125471        0x3 
 .data.sdmc_devoptab
                0x00125474       0x68 c:/devkitPro/libctru/lib\libctru.a(sdmc_dev.o)
 .data._impure_ptr
                0x001254dc        0x4 c:/devkitpro/devkitarm/bin/../lib/gcc/arm-none-eabi/6.3.0/../../../../arm-none-eabi/lib/armv6k/fpu\libg.a(lib_a-impure.o)
                0x001254dc                _impure_ptr
 .data.impure_data
                0x001254e0      0x460 c:/devkitpro/devkitarm/bin/../lib/gcc/arm-none-eabi/6.3.0/../../../../arm-none-eabi/lib/armv6k/fpu\libg.a(lib_a-impure.o)
 .data.__malloc_av_
                0x00125940      0x408 c:/devkitpro/devkitarm/bin/../lib/gcc/arm-none-eabi/6.3.0/../../../../arm-none-eabi/lib/armv6k/fpu\libg.a(lib_a-mallocr.o)
                0x00125940                __malloc_av_
 .data.__malloc_sbrk_base
                0x00125d48        0x4 c:/devkitpro/devkitarm/bin/../lib/gcc/arm-none-eabi/6.3.0/../../../../arm-none-eabi/lib/armv6k/fpu\libg.a(lib_a-mallocr.o)
                0x00125d48                __malloc_sbrk_base
 .data.__malloc_trim_threshold
                0x00125d4c        0x4 c:/devkitpro/devkitarm/bin/../lib/gcc/arm-none-eabi/6.3.0/../../../../arm-none-eabi/lib/armv6k/fpu\libg.a(lib_a-mallocr.o)
                0x00125d4c                __malloc_trim_threshold
 .data.__malloc_lock_object
                0x00125d50        0xc c:/devkitpro/devkitarm/bin/../lib/gcc/arm-none-eabi/6.3.0/../../../../arm-none-eabi/lib/armv6k/fpu\libg.a(lib_a-mlock.o)
 .data.__sfp_lock
                0x00125d5c        0xc c:/devkitpro/devkitarm/bin/../lib/gcc/arm-none-eabi/6.3.0/../../../../arm-none-eabi/lib/armv6k/fpu\libg.a(lib_a-findfp.o)
 .data.__sinit_lock
                0x00125d68        0xc c:/devkitpro/devkitarm/bin/../lib/gcc/arm-none-eabi/6.3.0/../../../../arm-none-eabi/lib/armv6k/fpu\libg.a(lib_a-findfp.o)
 .data.__global_locale
                0x00125d74      0x16c c:/devkitpro/devkitarm/bin/../lib/gcc/arm-none-eabi/6.3.0/../../../../arm-none-eabi/lib/armv6k/fpu\libg.a(lib_a-locale.o)
                0x00125d74                __global_locale
 .data.defaultDevice
                0x00125ee0        0x4 c:/devkitpro/devkitarm/bin/../lib/gcc/arm-none-eabi/6.3.0/../../../../arm-none-eabi/lib/armv6k/fpu\libsysbase.a(iosupport.o)
 .data.devoptab_list
                0x00125ee4       0x40 c:/devkitpro/devkitarm/bin/../lib/gcc/arm-none-eabi/6.3.0/../../../../arm-none-eabi/lib/armv6k/fpu\libsysbase.a(iosupport.o)
                0x00125ee4                devoptab_list
 .data._current_working_directory
                0x00125f24     0x1000 c:/devkitpro/devkitarm/bin/../lib/gcc/arm-none-eabi/6.3.0/../../../../arm-none-eabi/lib/armv6k/fpu\libsysbase.a(chdir.o)
 .data.__hndl_lock
                0x00126f24        0x4 c:/devkitpro/devkitarm/bin/../lib/gcc/arm-none-eabi/6.3.0/../../../../arm-none-eabi/lib/armv6k/fpu\libsysbase.a(handle_manager.o)
 .data.__stderr_handle
                0x00126f28        0xc c:/devkitpro/devkitarm/bin/../lib/gcc/arm-none-eabi/6.3.0/../../../../arm-none-eabi/lib/armv6k/fpu\libsysbase.a(handle_manager.o)
 .data.__stdin_handle
                0x00126f34        0xc c:/devkitpro/devkitarm/bin/../lib/gcc/arm-none-eabi/6.3.0/../../../../arm-none-eabi/lib/armv6k/fpu\libsysbase.a(handle_manager.o)
 .data.__stdout_handle
                0x00126f40        0xc c:/devkitpro/devkitarm/bin/../lib/gcc/arm-none-eabi/6.3.0/../../../../arm-none-eabi/lib/armv6k/fpu\libsysbase.a(handle_manager.o)
 .data.handles  0x00126f4c     0x1000 c:/devkitpro/devkitarm/bin/../lib/gcc/arm-none-eabi/6.3.0/../../../../arm-none-eabi/lib/armv6k/fpu\libsysbase.a(handle_manager.o)
 *(.gnu.linkonce.d*)
                0x00127f4c                . = ALIGN (0x4)

.igot.plt       0x00127f4c        0x0
 .igot.plt      0x00127f4c        0x0 c:/devkitpro/devkitarm/bin/../lib/gcc/arm-none-eabi/6.3.0/../../../../arm-none-eabi/lib/armv6k/fpu/3dsx_crt0.o

.jcr            0x00127f4c        0x0
 .jcr           0x00127f4c        0x0 c:/devkitpro/devkitarm/bin/../lib/gcc/arm-none-eabi/6.3.0/armv6k/fpu/crtbegin.o

.tm_clone_table
                0x00127f4c        0x0
 .tm_clone_table
                0x00127f4c        0x0 c:/devkitpro/devkitarm/bin/../lib/gcc/arm-none-eabi/6.3.0/armv6k/fpu/crtbegin.o
 .tm_clone_table
                0x00127f4c        0x0 c:/devkitpro/devkitarm/bin/../lib/gcc/arm-none-eabi/6.3.0/armv6k/fpu/crtend.o
                0x00127f4c                __TMC_END__

.tdata          0x00127f4c        0x0
                0x00127f4c                __tdata_lma = .
 *(.tdata)
 *(.tdata.*)
 *(.gnu.linkonce.td.*)
                0x00127f4c                . = ALIGN (0x4)
                0x00127f4c                __tdata_lma_end = .

.tbss           0x00127f4c     0x140c
 *(.tbss)
 *(.tbss.*)
 .tbss.__fixedpath
                0x00127f4c      0x401 c:/devkitPro/libctru/lib\libctru.a(sdmc_dev.o)
 *fill*         0x0012834d        0x3 
 .tbss.__utf16path
                0x00128350      0x802 c:/devkitPro/libctru/lib\libctru.a(sdmc_dev.o)
 *fill*         0x00128b52        0x2 
 .tbss.__utf16path_old.7945
                0x00128b54      0x802 c:/devkitPro/libctru/lib\libctru.a(sdmc_dev.o)
 *(.gnu.linkonce.tb.*)
 *(.tcommon)
                0x00129358                . = ALIGN (0x4)
 *fill*         0x00129356        0x2 

.preinit_array  0x00127f4c        0x0
                0x00127f4c                PROVIDE (__preinit_array_start, .)
 *(.preinit_array)
                0x00127f4c                PROVIDE (__preinit_array_end, .)

.init_array     0x00127f4c        0x4
                0x00127f4c                PROVIDE (__init_array_start, .)
 *(SORT(.init_array.*))
 *(.init_array)
 .init_array    0x00127f4c        0x4 c:/devkitpro/devkitarm/bin/../lib/gcc/arm-none-eabi/6.3.0/armv6k/fpu/crtbegin.o
                0x00127f50                PROVIDE (__init_array_end, .)

.fini_array     0x00127f50        0x4
                0x00127f50                PROVIDE (__fini_array_start, .)
 *(.fini_array)
 .fini_array    0x00127f50        0x4 c:/devkitpro/devkitarm/bin/../lib/gcc/arm-none-eabi/6.3.0/armv6k/fpu/crtbegin.o
 *(SORT(.fini_array.*))
                0x00127f54                PROVIDE (__fini_array_end, .)

.ctors
 *crtbegin.o(.ctors)
 *(EXCLUDE_FILE(*crtend.o) .ctors)
 *(SORT(.ctors.*))
 *(.ctors)

.dtors
 *crtbegin.o(.dtors)
 *(EXCLUDE_FILE(*crtend.o) .dtors)
 *(SORT(.dtors.*))
 *(.dtors)
                0x00127f54                __bss_start__ = .

.bss            0x00127f54     0x37cc
 *(.dynbss)
 *(.bss)
 .bss           0x00127f54        0x8 c:/devkitPro/libctru/lib\libctru.a(stack_adjust.o)
 *(.bss.*)
 .bss.completed.7620
                0x00127f5c        0x1 c:/devkitpro/devkitarm/bin/../lib/gcc/arm-none-eabi/6.3.0/armv6k/fpu/crtbegin.o
 *fill*         0x00127f5d        0x3 
 .bss.object.7625
                0x00127f60       0x18 c:/devkitpro/devkitarm/bin/../lib/gcc/arm-none-eabi/6.3.0/armv6k/fpu/crtbegin.o
 .bss.currentBuffer
                0x00127f78        0x2 c:/devkitPro/libctru/lib\libctru.a(gfx.o)
 .bss.enable3d  0x00127f7a        0x1 c:/devkitPro/libctru/lib\libctru.a(gfx.o)
 *fill*         0x00127f7b        0x1 
 .bss.screenAlloc
                0x00127f7c        0x4 c:/devkitPro/libctru/lib\libctru.a(gfx.o)
 .bss.screenFree
                0x00127f80        0x4 c:/devkitPro/libctru/lib\libctru.a(gfx.o)
 .bss.aptChainloadMediatype
                0x00127f84        0x1 c:/devkitPro/libctru/lib\libctru.a(apt.o)
 *fill*         0x00127f85        0x3 
 .bss.aptChainloadTid
                0x00127f88        0x8 c:/devkitPro/libctru/lib\libctru.a(apt.o)
 .bss.aptEventHandlerThread
                0x00127f90        0x4 c:/devkitPro/libctru/lib\libctru.a(apt.o)
 .bss.aptEvents
                0x00127f94        0xc c:/devkitPro/libctru/lib\libctru.a(apt.o)
 .bss.aptFirstHook
                0x00127fa0        0xc c:/devkitPro/libctru/lib\libctru.a(apt.o)
 .bss.aptHomeButtonState
                0x00127fac        0x1 c:/devkitPro/libctru/lib\libctru.a(apt.o)
 *fill*         0x00127fad        0x3 
 .bss.aptLockHandle
                0x00127fb0        0x4 c:/devkitPro/libctru/lib\libctru.a(apt.o)
 .bss.aptMessageFunc
                0x00127fb4        0x4 c:/devkitPro/libctru/lib\libctru.a(apt.o)
 .bss.aptMessageFuncData
                0x00127fb8        0x4 c:/devkitPro/libctru/lib\libctru.a(apt.o)
 .bss.aptParameters
                0x00127fbc     0x1000 c:/devkitPro/libctru/lib\libctru.a(apt.o)
 .bss.aptRefCount
                0x00128fbc        0x4 c:/devkitPro/libctru/lib\libctru.a(apt.o)
 .bss.aptSleepEvent
                0x00128fc0        0x8 c:/devkitPro/libctru/lib\libctru.a(apt.o)
 .bss.flagInit.7885
                0x00128fc8        0x1 c:/devkitPro/libctru/lib\libctru.a(apt.o)
 .bss.flagValue.7886
                0x00128fc9        0x1 c:/devkitPro/libctru/lib\libctru.a(apt.o)
 *fill*         0x00128fca        0x2 
 .bss.serviceName.7524
                0x00128fcc        0x4 c:/devkitPro/libctru/lib\libctru.a(apt.o)
 .bss.fsExemptArchives
                0x00128fd0       0x80 c:/devkitPro/libctru/lib\libctru.a(fs.o)
 .bss.fsuHandle
                0x00129050        0x4 c:/devkitPro/libctru/lib\libctru.a(fs.o)
 .bss.fsuRefCount
                0x00129054        0x4 c:/devkitPro/libctru/lib\libctru.a(fs.o)
 .bss.gspEvent  0x00129058        0x4 c:/devkitPro/libctru/lib\libctru.a(gspgpu.o)
 .bss.gspEventCb
                0x0012905c       0x1c c:/devkitPro/libctru/lib\libctru.a(gspgpu.o)
 .bss.gspEventCbData
                0x00129078       0x1c c:/devkitPro/libctru/lib\libctru.a(gspgpu.o)
 .bss.gspEventCbOneShot
                0x00129094        0x7 c:/devkitPro/libctru/lib\libctru.a(gspgpu.o)
 *fill*         0x0012909b        0x1 
 .bss.gspEventCounts
                0x0012909c       0x1c c:/devkitPro/libctru/lib\libctru.a(gspgpu.o)
 .bss.gspEventData
                0x001290b8        0x4 c:/devkitPro/libctru/lib\libctru.a(gspgpu.o)
 .bss.gspEventThread
                0x001290bc        0x4 c:/devkitPro/libctru/lib\libctru.a(gspgpu.o)
 .bss.gspEvents
                0x001290c0       0x38 c:/devkitPro/libctru/lib\libctru.a(gspgpu.o)
 .bss.gspRefCount
                0x001290f8        0x4 c:/devkitPro/libctru/lib\libctru.a(gspgpu.o)
 .bss.gspRunEvents
                0x001290fc        0x1 c:/devkitPro/libctru/lib\libctru.a(gspgpu.o)
 *fill*         0x001290fd        0x3 
 .bss.aVec      0x00129100        0x6 c:/devkitPro/libctru/lib\libctru.a(hid.o)
 *fill*         0x00129106        0x2 
 .bss.cPos      0x00129108        0x4 c:/devkitPro/libctru/lib\libctru.a(hid.o)
 .bss.gRate     0x0012910c        0x6 c:/devkitPro/libctru/lib\libctru.a(hid.o)
 *fill*         0x00129112        0x2 
 .bss.hidRefCount
                0x00129114        0x4 c:/devkitPro/libctru/lib\libctru.a(hid.o)
 .bss.kDown     0x00129118        0x4 c:/devkitPro/libctru/lib\libctru.a(hid.o)
 .bss.kHeld     0x0012911c        0x4 c:/devkitPro/libctru/lib\libctru.a(hid.o)
 .bss.kOld      0x00129120        0x4 c:/devkitPro/libctru/lib\libctru.a(hid.o)
 .bss.kUp       0x00129124        0x4 c:/devkitPro/libctru/lib\libctru.a(hid.o)
 .bss.tPos      0x00129128        0x4 c:/devkitPro/libctru/lib\libctru.a(hid.o)
 .bss.csPos     0x0012912c        0x4 c:/devkitPro/libctru/lib\libctru.a(irrst.o)
 .bss.irrstRefCount
                0x00129130        0x4 c:/devkitPro/libctru/lib\libctru.a(irrst.o)
 .bss.kHeld     0x00129134        0x4 c:/devkitPro/libctru/lib\libctru.a(irrst.o)
 .bss._ZL11sLinearPool
                0x00129138        0x8 c:/devkitPro/libctru/lib\libctru.a(linear.o)
 .bss._ZL8sAddrMap
                0x00129140        0xc c:/devkitPro/libctru/lib\libctru.a(linear.o)
 .bss._ZL13sMappablePool
                0x0012914c        0x8 c:/devkitPro/libctru/lib\libctru.a(mappable.o)
 .bss._ZL8sAddrMap
                0x00129154        0xc c:/devkitPro/libctru/lib\libctru.a(mappable.o)
 .bss._ZL8sAddrMap
                0x00129160        0xc c:/devkitPro/libctru/lib\libctru.a(vram.o)
 .bss._ZL9sVramPool
                0x0012916c        0x8 c:/devkitPro/libctru/lib\libctru.a(vram.o)
 .bss.__ctru_speedup
                0x00129174        0x1 c:/devkitPro/libctru/lib\libctru.a(os.o)
                0x00129174                __ctru_speedup
 *fill*         0x00129175        0x3 
 .bss.srvHandle
                0x00129178        0x4 c:/devkitPro/libctru/lib\libctru.a(srv.o)
 .bss.srvRefCount
                0x0012917c        0x4 c:/devkitPro/libctru/lib\libctru.a(srv.o)
 .bss.arbiter   0x00129180        0x4 c:/devkitPro/libctru/lib\libctru.a(synchronization.o)
 .bss.ptmSysmHandle
                0x00129184        0x4 c:/devkitPro/libctru/lib\libctru.a(ptmsysm.o)
 .bss.ptmSysmRefCount
                0x00129188        0x4 c:/devkitPro/libctru/lib\libctru.a(ptmsysm.o)
 .bss.__ctru_heap_size
                0x0012918c        0x4 c:/devkitPro/libctru/lib\libctru.a(allocateHeaps.o)
                0x0012918c                __ctru_heap_size
 .bss.sdmcArchive
                0x00129190        0x8 c:/devkitPro/libctru/lib\libctru.a(sdmc_dev.o)
 .bss.sdmcInitialised
                0x00129198        0x1 c:/devkitPro/libctru/lib\libctru.a(sdmc_dev.o)
 *fill*         0x00129199        0x3 
 .bss.__malloc_current_mallinfo